Archive member included to satisfy reference by file (symbol)

C:/ST/STM32CubeIDE_1.13.1/STM32CubeIDE/plugins/com.st.stm32cube.ide.mcu.externaltools.gnu-tools-for-stm32.11.3.rel1.win32_1.1.0.202305231506/tools/bin/../lib/gcc/arm-none-eabi/11.3.1/../../../../arm-none-eabi/lib/thumb/v7e-m+dp/hard\libc_nano.a(libc_a-exit.o)
                              C:/ST/STM32CubeIDE_1.13.1/STM32CubeIDE/plugins/com.st.stm32cube.ide.mcu.externaltools.gnu-tools-for-stm32.11.3.rel1.win32_1.1.0.202305231506/tools/bin/../lib/gcc/arm-none-eabi/11.3.1/../../../../arm-none-eabi/lib/thumb/v7e-m+dp/hard/crt0.o (exit)
C:/ST/STM32CubeIDE_1.13.1/STM32CubeIDE/plugins/com.st.stm32cube.ide.mcu.externaltools.gnu-tools-for-stm32.11.3.rel1.win32_1.1.0.202305231506/tools/bin/../lib/gcc/arm-none-eabi/11.3.1/../../../../arm-none-eabi/lib/thumb/v7e-m+dp/hard\libc_nano.a(libc_a-findfp.o)
                              C:/ST/STM32CubeIDE_1.13.1/STM32CubeIDE/plugins/com.st.stm32cube.ide.mcu.externaltools.gnu-tools-for-stm32.11.3.rel1.win32_1.1.0.202305231506/tools/bin/../lib/gcc/arm-none-eabi/11.3.1/../../../../arm-none-eabi/lib/thumb/v7e-m+dp/hard\libc_nano.a(libc_a-exit.o) (__stdio_exit_handler)
C:/ST/STM32CubeIDE_1.13.1/STM32CubeIDE/plugins/com.st.stm32cube.ide.mcu.externaltools.gnu-tools-for-stm32.11.3.rel1.win32_1.1.0.202305231506/tools/bin/../lib/gcc/arm-none-eabi/11.3.1/../../../../arm-none-eabi/lib/thumb/v7e-m+dp/hard\libc_nano.a(libc_a-fwalk.o)
                              C:/ST/STM32CubeIDE_1.13.1/STM32CubeIDE/plugins/com.st.stm32cube.ide.mcu.externaltools.gnu-tools-for-stm32.11.3.rel1.win32_1.1.0.202305231506/tools/bin/../lib/gcc/arm-none-eabi/11.3.1/../../../../arm-none-eabi/lib/thumb/v7e-m+dp/hard\libc_nano.a(libc_a-findfp.o) (_fwalk_sglue)
C:/ST/STM32CubeIDE_1.13.1/STM32CubeIDE/plugins/com.st.stm32cube.ide.mcu.externaltools.gnu-tools-for-stm32.11.3.rel1.win32_1.1.0.202305231506/tools/bin/../lib/gcc/arm-none-eabi/11.3.1/../../../../arm-none-eabi/lib/thumb/v7e-m+dp/hard\libc_nano.a(libc_a-sprintf.o)
                              ./Core/Src/main.o (sprintf)
C:/ST/STM32CubeIDE_1.13.1/STM32CubeIDE/plugins/com.st.stm32cube.ide.mcu.externaltools.gnu-tools-for-stm32.11.3.rel1.win32_1.1.0.202305231506/tools/bin/../lib/gcc/arm-none-eabi/11.3.1/../../../../arm-none-eabi/lib/thumb/v7e-m+dp/hard\libc_nano.a(libc_a-stdio.o)
                              C:/ST/STM32CubeIDE_1.13.1/STM32CubeIDE/plugins/com.st.stm32cube.ide.mcu.externaltools.gnu-tools-for-stm32.11.3.rel1.win32_1.1.0.202305231506/tools/bin/../lib/gcc/arm-none-eabi/11.3.1/../../../../arm-none-eabi/lib/thumb/v7e-m+dp/hard\libc_nano.a(libc_a-findfp.o) (__sread)
C:/ST/STM32CubeIDE_1.13.1/STM32CubeIDE/plugins/com.st.stm32cube.ide.mcu.externaltools.gnu-tools-for-stm32.11.3.rel1.win32_1.1.0.202305231506/tools/bin/../lib/gcc/arm-none-eabi/11.3.1/../../../../arm-none-eabi/lib/thumb/v7e-m+dp/hard\libc_nano.a(libc_a-memset.o)
                              C:/ST/STM32CubeIDE_1.13.1/STM32CubeIDE/plugins/com.st.stm32cube.ide.mcu.externaltools.gnu-tools-for-stm32.11.3.rel1.win32_1.1.0.202305231506/tools/bin/../lib/gcc/arm-none-eabi/11.3.1/../../../../arm-none-eabi/lib/thumb/v7e-m+dp/hard/crt0.o (memset)
C:/ST/STM32CubeIDE_1.13.1/STM32CubeIDE/plugins/com.st.stm32cube.ide.mcu.externaltools.gnu-tools-for-stm32.11.3.rel1.win32_1.1.0.202305231506/tools/bin/../lib/gcc/arm-none-eabi/11.3.1/../../../../arm-none-eabi/lib/thumb/v7e-m+dp/hard\libc_nano.a(libc_a-closer.o)
                              C:/ST/STM32CubeIDE_1.13.1/STM32CubeIDE/plugins/com.st.stm32cube.ide.mcu.externaltools.gnu-tools-for-stm32.11.3.rel1.win32_1.1.0.202305231506/tools/bin/../lib/gcc/arm-none-eabi/11.3.1/../../../../arm-none-eabi/lib/thumb/v7e-m+dp/hard\libc_nano.a(libc_a-stdio.o) (_close_r)
C:/ST/STM32CubeIDE_1.13.1/STM32CubeIDE/plugins/com.st.stm32cube.ide.mcu.externaltools.gnu-tools-for-stm32.11.3.rel1.win32_1.1.0.202305231506/tools/bin/../lib/gcc/arm-none-eabi/11.3.1/../../../../arm-none-eabi/lib/thumb/v7e-m+dp/hard\libc_nano.a(libc_a-reent.o)
                              C:/ST/STM32CubeIDE_1.13.1/STM32CubeIDE/plugins/com.st.stm32cube.ide.mcu.externaltools.gnu-tools-for-stm32.11.3.rel1.win32_1.1.0.202305231506/tools/bin/../lib/gcc/arm-none-eabi/11.3.1/../../../../arm-none-eabi/lib/thumb/v7e-m+dp/hard\libc_nano.a(libc_a-closer.o) (errno)
C:/ST/STM32CubeIDE_1.13.1/STM32CubeIDE/plugins/com.st.stm32cube.ide.mcu.externaltools.gnu-tools-for-stm32.11.3.rel1.win32_1.1.0.202305231506/tools/bin/../lib/gcc/arm-none-eabi/11.3.1/../../../../arm-none-eabi/lib/thumb/v7e-m+dp/hard\libc_nano.a(libc_a-impure.o)
                              C:/ST/STM32CubeIDE_1.13.1/STM32CubeIDE/plugins/com.st.stm32cube.ide.mcu.externaltools.gnu-tools-for-stm32.11.3.rel1.win32_1.1.0.202305231506/tools/bin/../lib/gcc/arm-none-eabi/11.3.1/../../../../arm-none-eabi/lib/thumb/v7e-m+dp/hard\libc_nano.a(libc_a-sprintf.o) (_impure_ptr)
[...]
Memory Configuration

Name             Origin             Length             Attributes
RAM              0x0000000020000000 0x0000000000080000 xrw
FLASH            0x0000000008000000 0x0000000000200000 xr
*default*        0x0000000000000000 0xffffffffffffffff

Linker script and memory map

LOAD C:/ST/STM32CubeIDE_1.13.1/STM32CubeIDE/plugins/com.st.stm32cube.ide.mcu.externaltools.gnu-tools-for-stm32.11.3.rel1.win32_1.1.0.202305231506/tools/bin/../lib/gcc/arm-none-eabi/11.3.1/thumb/v7e-m+dp/hard/crti.o
LOAD C:/ST/STM32CubeIDE_1.13.1/STM32CubeIDE/plugins/com.st.stm32cube.ide.mcu.externaltools.gnu-tools-for-stm32.11.3.rel1.win32_1.1.0.202305231506/tools/bin/../lib/gcc/arm-none-eabi/11.3.1/thumb/v7e-m+dp/hard/crtbegin.o
LOAD C:/ST/STM32CubeIDE_1.13.1/STM32CubeIDE/plugins/com.st.stm32cube.ide.mcu.externaltools.gnu-tools-for-stm32.11.3.rel1.win32_1.1.0.202305231506/tools/bin/../lib/gcc/arm-none-eabi/11.3.1/../../../../arm-none-eabi/lib/thumb/v7e-m+dp/hard/crt0.o
LOAD ./Core/Src/freertos.o
LOAD ./Core/Src/main.o
LOAD ./Core/Src/stm32f7xx_hal_msp.o
LOAD ./Core/Src/stm32f7xx_it.o
LOAD ./Core/Src/syscalls.o
LOAD ./Core/Src/sysmem.o
LOAD ./Core/Src/system_stm32f7xx.o
LOAD ./Core/Startup/startup_stm32f767zitx.o
LOAD ./Drivers/STM32F7xx_HAL_Driver/Src/stm32f7xx_hal.o
LOAD ./Drivers/STM32F7xx_HAL_Driver/Src/stm32f7xx_hal_cortex.o
LOAD ./Drivers/STM32F7xx_HAL_Driver/Src/stm32f7xx_hal_dma.o
LOAD ./Drivers/STM32F7xx_HAL_Driver/Src/stm32f7xx_hal_dma_ex.o
LOAD ./Drivers/STM32F7xx_HAL_Driver/Src/stm32f7xx_hal_exti.o
LOAD ./Drivers/STM32F7xx_HAL_Driver/Src/stm32f7xx_hal_flash.o
LOAD ./Drivers/STM32F7xx_HAL_Driver/Src/stm32f7xx_hal_flash_ex.o
LOAD ./Drivers/STM32F7xx_HAL_Driver/Src/stm32f7xx_hal_gpio.o
LOAD ./Drivers/STM32F7xx_HAL_Driver/Src/stm32f7xx_hal_i2c.o
LOAD ./Drivers/STM32F7xx_HAL_Driver/Src/stm32f7xx_hal_i2c_ex.o
LOAD ./Drivers/STM32F7xx_HAL_Driver/Src/stm32f7xx_hal_pwr.o
LOAD ./Drivers/STM32F7xx_HAL_Driver/Src/stm32f7xx_hal_pwr_ex.o
LOAD ./Drivers/STM32F7xx_HAL_Driver/Src/stm32f7xx_hal_rcc.o
LOAD ./Drivers/STM32F7xx_HAL_Driver/Src/stm32f7xx_hal_rcc_ex.o
LOAD ./Drivers/STM32F7xx_HAL_Driver/Src/stm32f7xx_hal_tim.o
LOAD ./Drivers/STM32F7xx_HAL_Driver/Src/stm32f7xx_hal_tim_ex.o
LOAD ./Drivers/STM32F7xx_HAL_Driver/Src/stm32f7xx_hal_uart.o
LOAD ./Drivers/STM32F7xx_HAL_Driver/Src/stm32f7xx_hal_uart_ex.o
LOAD ./Drivers/VL53L0x/core/src/vl53l0x_api.o
LOAD ./Drivers/VL53L0x/core/src/vl53l0x_api_calibration.o
LOAD ./Drivers/VL53L0x/core/src/vl53l0x_api_core.o
LOAD ./Drivers/VL53L0x/core/src/vl53l0x_api_ranging.o
LOAD ./Drivers/VL53L0x/core/src/vl53l0x_api_strings.o
LOAD ./Drivers/VL53L0x/platform/src/vl53l0x_platform.o
LOAD ./Drivers/VL53L0x/platform/src/vl53l0x_platform_log.o
LOAD ./Middlewares/Third_Party/FreeRTOS/Source/CMSIS_RTOS/cmsis_os.o
LOAD ./Middlewares/Third_Party/FreeRTOS/Source/croutine.o
LOAD ./Middlewares/Third_Party/FreeRTOS/Source/event_groups.o
LOAD ./Middlewares/Third_Party/FreeRTOS/Source/list.o
LOAD ./Middlewares/Third_Party/FreeRTOS/Source/queue.o
LOAD ./Middlewares/Third_Party/FreeRTOS/Source/stream_buffer.o
LOAD ./Middlewares/Third_Party/FreeRTOS/Source/tasks.o
LOAD ./Middlewares/Third_Party/FreeRTOS/Source/timers.o
LOAD ./Middlewares/Third_Party/FreeRTOS/Source/portable/GCC/ARM_CM7/r0p1/port.o
LOAD ./Middlewares/Third_Party/FreeRTOS/Source/portable/MemMang/heap_4.o
START GROUP
LOAD C:/ST/STM32CubeIDE_1.13.1/STM32CubeIDE/plugins/com.st.stm32cube.ide.mcu.externaltools.gnu-tools-for-stm32.11.3.rel1.win32_1.1.0.202305231506/tools/bin/../lib/gcc/arm-none-eabi/11.3.1/../../../../arm-none-eabi/lib/thumb/v7e-m+dp/hard\libc_nano.a
LOAD C:/ST/STM32CubeIDE_1.13.1/STM32CubeIDE/plugins/com.st.stm32cube.ide.mcu.externaltools.gnu-tools-for-stm32.11.3.rel1.win32_1.1.0.202305231506/tools/bin/../lib/gcc/arm-none-eabi/11.3.1/../../../../arm-none-eabi/lib/thumb/v7e-m+dp/hard\libm.a
END GROUP
START GROUP
LOAD C:/ST/STM32CubeIDE_1.13.1/STM32CubeIDE/plugins/com.st.stm32cube.ide.mcu.externaltools.gnu-tools-for-stm32.11.3.rel1.win32_1.1.0.202305231506/tools/bin/../lib/gcc/arm-none-eabi/11.3.1/thumb/v7e-m+dp/hard\libgcc.a
LOAD C:/ST/STM32CubeIDE_1.13.1/STM32CubeIDE/plugins/com.st.stm32cube.ide.mcu.externaltools.gnu-tools-for-stm32.11.3.rel1.win32_1.1.0.202305231506/tools/bin/../lib/gcc/arm-none-eabi/11.3.1/../../../../arm-none-eabi/lib/thumb/v7e-m+dp/hard\libc_nano.a
END GROUP
START GROUP
LOAD C:/ST/STM32CubeIDE_1.13.1/STM32CubeIDE/plugins/com.st.stm32cube.ide.mcu.externaltools.gnu-tools-for-stm32.11.3.rel1.win32_1.1.0.202305231506/tools/bin/../lib/gcc/arm-none-eabi/11.3.1/thumb/v7e-m+dp/hard\libgcc.a
LOAD C:/ST/STM32CubeIDE_1.13.1/STM32CubeIDE/plugins/com.st.stm32cube.ide.mcu.externaltools.gnu-tools-for-stm32.11.3.rel1.win32_1.1.0.202305231506/tools/bin/../lib/gcc/arm-none-eabi/11.3.1/../../../../arm-none-eabi/lib/thumb/v7e-m+dp/hard\libc_nano.a
LOAD C:/ST/STM32CubeIDE_1.13.1/STM32CubeIDE/plugins/com.st.stm32cube.ide.mcu.externaltools.gnu-tools-for-stm32.11.3.rel1.win32_1.1.0.202305231506/tools/bin/../lib/gcc/arm-none-eabi/11.3.1/../../../../arm-none-eabi/lib/thumb/v7e-m+dp/hard\libnosys.a
END GROUP
START GROUP
LOAD C:/ST/STM32CubeIDE_1.13.1/STM32CubeIDE/plugins/com.st.stm32cube.ide.mcu.externaltools.gnu-tools-for-stm32.11.3.rel1.win32_1.1.0.202305231506/tools/bin/../lib/gcc/arm-none-eabi/11.3.1/thumb/v7e-m+dp/hard\libgcc.a
LOAD C:/ST/STM32CubeIDE_1.13.1/STM32CubeIDE/plugins/com.st.stm32cube.ide.mcu.externaltools.gnu-tools-for-stm32.11.3.rel1.win32_1.1.0.202305231506/tools/bin/../lib/gcc/arm-none-eabi/11.3.1/../../../../arm-none-eabi/lib/thumb/v7e-m+dp/hard\libc_nano.a
LOAD C:/ST/STM32CubeIDE_1.13.1/STM32CubeIDE/plugins/com.st.stm32cube.ide.mcu.externaltools.gnu-tools-for-stm32.11.3.rel1.win32_1.1.0.202305231506/tools/bin/../lib/gcc/arm-none-eabi/11.3.1/../../../../arm-none-eabi/lib/thumb/v7e-m+dp/hard\libnosys.a
END GROUP
LOAD C:/ST/STM32CubeIDE_1.13.1/STM32CubeIDE/plugins/com.st.stm32cube.ide.mcu.externaltools.gnu-tools-for-stm32.11.3.rel1.win32_1.1.0.202305231506/tools/bin/../lib/gcc/arm-none-eabi/11.3.1/thumb/v7e-m+dp/hard/crtend.o
LOAD C:/ST/STM32CubeIDE_1.13.1/STM32CubeIDE/plugins/com.st.stm32cube.ide.mcu.externaltools.gnu-tools-for-stm32.11.3.rel1.win32_1.1.0.202305231506/tools/bin/../lib/gcc/arm-none-eabi/11.3.1/thumb/v7e-m+dp/hard/crtn.o
                0x0000000020080000                _estack = (ORIGIN (RAM) + LENGTH (RAM))
                0x0000000000000200                _Min_Heap_Size = 0x200
                0x0000000000000400                _Min_Stack_Size = 0x400

.isr_vector     0x0000000008000000      0x1f8
                0x0000000008000000                . = ALIGN (0x4)
 *(.isr_vector)
 .isr_vector    0x0000000008000000      0x1f8 ./Core/Startup/startup_stm32f767zitx.o
                0x0000000008000000                g_pfnVectors
                0x00000000080001f8                . = ALIGN (0x4)

.text           0x0000000008000200     0xa5e0
                0x0000000008000200                . = ALIGN (0x4)
 *(.text)
 .text          0x0000000008000200       0x40 C:/ST/STM32CubeIDE_1.13.1/STM32CubeIDE/plugins/com.st.stm32cube.ide.mcu.externaltools.gnu-tools-for-stm32.11.3.rel1.win32_1.1.0.202305231506/tools/bin/../lib/gcc/arm-none-eabi/11.3.1/thumb/v7e-m+dp/hard/crtbegin.o
 .text          0x0000000008000240       0xa0 C:/ST/STM32CubeIDE_1.13.1/STM32CubeIDE/plugins/com.st.stm32cube.ide.mcu.externaltools.gnu-tools-for-stm32.11.3.rel1.win32_1.1.0.202305231506/tools/bin/../lib/gcc/arm-none-eabi/11.3.1/../../../../arm-none-eabi/lib/thumb/v7e-m+dp/hard\libc_nano.a(libc_a-memchr.o)
                0x0000000008000240                memchr
 .text          0x00000000080002e0       0x30 C:/ST/STM32CubeIDE_1.13.1/STM32CubeIDE/plugins/com.st.stm32cube.ide.mcu.externaltools.gnu-tools-for-stm32.11.3.rel1.win32_1.1.0.202305231506/tools/bin/../lib/gcc/arm-none-eabi/11.3.1/thumb/v7e-m+dp/hard\libgcc.a(_aeabi_uldivmod.o)
                0x00000000080002e0                __aeabi_uldivmod
 .text          0x0000000008000310      0x2c8 C:/ST/STM32CubeIDE_1.13.1/STM32CubeIDE/plugins/com.st.stm32cube.ide.mcu.externaltools.gnu-tools-for-stm32.11.3.rel1.win32_1.1.0.202305231506/tools/bin/../lib/gcc/arm-none-eabi/11.3.1/thumb/v7e-m+dp/hard\libgcc.a(_udivmoddi4.o)
                0x0000000008000310                __udivmoddi4
 .text          0x00000000080005d8        0x4 C:/ST/STM32CubeIDE_1.13.1/STM32CubeIDE/plugins/com.st.stm32cube.ide.mcu.externaltools.gnu-tools-for-stm32.11.3.rel1.win32_1.1.0.202305231506/tools/bin/../lib/gcc/arm-none-eabi/11.3.1/thumb/v7e-m+dp/hard\libgcc.a(_dvmd_tls.o)
                0x00000000080005d8                __aeabi_idiv0
                0x00000000080005d8                __aeabi_ldiv0
 *(.text*)
 .text.measurePoint
                0x00000000080005dc       0xd4 ./Core/Src/main.o
                0x00000000080005dc                measurePoint
 .text.moveServo
                0x00000000080006b0      0x190 ./Core/Src/main.o
                0x00000000080006b0                moveServo
 .text.main     0x0000000008000840      0x130 ./Core/Src/main.o
                0x0000000008000840                main
 .text.SystemClock_Config
                0x0000000008000970       0xb8 ./Core/Src/main.o
                0x0000000008000970                SystemClock_Config
 .text.MX_I2C2_Init
                0x0000000008000a28       0x80 ./Core/Src/main.o
 .text.MX_TIM2_Init
                0x0000000008000aa8       0xc8 ./Core/Src/main.o
 .text.MX_USART3_UART_Init
                0x0000000008000b70       0x60 ./Core/Src/main.o
 .text.MX_GPIO_Init
                0x0000000008000bd0       0xb8 ./Core/Src/main.o
 .text.Error_Handler
                0x0000000008000c88        0xa ./Core/Src/main.o
                0x0000000008000c88                Error_Handler
 *fill*         0x0000000008000c92        0x2 
 .text.HAL_MspInit
                0x0000000008000c94       0x50 ./Core/Src/stm32f7xx_hal_msp.o
                0x0000000008000c94                HAL_MspInit
 .text.HAL_I2C_MspInit
                0x0000000008000ce4       0xbc ./Core/Src/stm32f7xx_hal_msp.o
                0x0000000008000ce4                HAL_I2C_MspInit
 .text.HAL_TIM_PWM_MspInit
                0x0000000008000da0       0x3c ./Core/Src/stm32f7xx_hal_msp.o
                0x0000000008000da0                HAL_TIM_PWM_MspInit
 .text.HAL_TIM_MspPostInit
                0x0000000008000ddc       0xa8 ./Core/Src/stm32f7xx_hal_msp.o
                0x0000000008000ddc                HAL_TIM_MspPostInit
 .text.HAL_UART_MspInit
                0x0000000008000e84       0xc0 ./Core/Src/stm32f7xx_hal_msp.o
                0x0000000008000e84                HAL_UART_MspInit
 .text.NMI_Handler
                0x0000000008000f44        0x6 ./Core/Src/stm32f7xx_it.o
                0x0000000008000f44                NMI_Handler
 .text.HardFault_Handler
                0x0000000008000f4a        0x6 ./Core/Src/stm32f7xx_it.o
                0x0000000008000f4a                HardFault_Handler
 .text.MemManage_Handler
                0x0000000008000f50        0x6 ./Core/Src/stm32f7xx_it.o
                0x0000000008000f50                MemManage_Handler
 .text.BusFault_Handler
                0x0000000008000f56        0x6 ./Core/Src/stm32f7xx_it.o
                0x0000000008000f56                BusFault_Handler
 .text.UsageFault_Handler
                0x0000000008000f5c        0x6 ./Core/Src/stm32f7xx_it.o
                0x0000000008000f5c                UsageFault_Handler
 .text.DebugMon_Handler
                0x0000000008000f62        0xe ./Core/Src/stm32f7xx_it.o
                0x0000000008000f62                DebugMon_Handler
 .text.SysTick_Handler
                0x0000000008000f70       0x1a ./Core/Src/stm32f7xx_it.o
                0x0000000008000f70                SysTick_Handler
 *fill*         0x0000000008000f8a        0x2 
 .text._sbrk    0x0000000008000f8c       0x6c ./Core/Src/sysmem.o
                0x0000000008000f8c                _sbrk
 .text.SystemInit
                0x0000000008000ff8       0x24 ./Core/Src/system_stm32f7xx.o
                0x0000000008000ff8                SystemInit
 .text.Reset_Handler
                0x000000000800101c       0x50 ./Core/Startup/startup_stm32f767zitx.o
                0x000000000800101c                Reset_Handler
 .text.Default_Handler
                0x000000000800106c        0x2 ./Core/Startup/startup_stm32f767zitx.o
                0x000000000800106c                RTC_Alarm_IRQHandler
                0x000000000800106c                EXTI2_IRQHandler
                0x000000000800106c                TIM8_CC_IRQHandler
                0x000000000800106c                UART8_IRQHandler
                0x000000000800106c                SPI4_IRQHandler
                0x000000000800106c                TIM1_CC_IRQHandler
                0x000000000800106c                DMA2_Stream5_IRQHandler
                0x000000000800106c                JPEG_IRQHandler
                0x000000000800106c                DMA1_Stream5_IRQHandler
                0x000000000800106c                CAN3_RX1_IRQHandler
                0x000000000800106c                PVD_IRQHandler
                0x000000000800106c                TAMP_STAMP_IRQHandler
                0x000000000800106c                CAN2_RX1_IRQHandler
                0x000000000800106c                EXTI3_IRQHandler
                0x000000000800106c                TIM8_TRG_COM_TIM14_IRQHandler
                0x000000000800106c                DFSDM1_FLT1_IRQHandler
                0x000000000800106c                TIM1_UP_TIM10_IRQHandler
                0x000000000800106c                TIM8_UP_TIM13_IRQHandler
                0x000000000800106c                I2C3_ER_IRQHandler
                0x000000000800106c                DFSDM1_FLT2_IRQHandler
                0x000000000800106c                EXTI0_IRQHandler
                0x000000000800106c                I2C2_EV_IRQHandler
                0x000000000800106c                DMA1_Stream2_IRQHandler
                0x000000000800106c                CAN1_RX0_IRQHandler
                0x000000000800106c                FPU_IRQHandler
                0x000000000800106c                OTG_HS_WKUP_IRQHandler
                0x000000000800106c                CAN3_SCE_IRQHandler
                0x000000000800106c                LTDC_ER_IRQHandler
                0x000000000800106c                CAN2_SCE_IRQHandler
                0x000000000800106c                DMA2_Stream2_IRQHandler
                0x000000000800106c                SPI1_IRQHandler
                0x000000000800106c                TIM6_DAC_IRQHandler
                0x000000000800106c                TIM1_BRK_TIM9_IRQHandler
                0x000000000800106c                DCMI_IRQHandler
                0x000000000800106c                CAN2_RX0_IRQHandler
                0x000000000800106c                DMA2_Stream3_IRQHandler
                0x000000000800106c                SAI2_IRQHandler
                0x000000000800106c                DFSDM1_FLT3_IRQHandler
                0x000000000800106c                USART6_IRQHandler
                0x000000000800106c                CAN3_RX0_IRQHandler
                0x000000000800106c                USART3_IRQHandler
                0x000000000800106c                CAN1_RX1_IRQHandler
                0x000000000800106c                UART5_IRQHandler
                0x000000000800106c                DMA2_Stream0_IRQHandler
                0x000000000800106c                TIM4_IRQHandler
                0x000000000800106c                QUADSPI_IRQHandler
                0x000000000800106c                I2C1_EV_IRQHandler
                0x000000000800106c                DMA1_Stream6_IRQHandler
                0x000000000800106c                DMA1_Stream1_IRQHandler
                0x000000000800106c                UART4_IRQHandler
                0x000000000800106c                TIM3_IRQHandler
                0x000000000800106c                RCC_IRQHandler
                0x000000000800106c                TIM8_BRK_TIM12_IRQHandler
                0x000000000800106c                Default_Handler
                0x000000000800106c                CEC_IRQHandler
                0x000000000800106c                EXTI15_10_IRQHandler
                0x000000000800106c                ADC_IRQHandler
                0x000000000800106c                DMA1_Stream7_IRQHandler
                0x000000000800106c                SPI5_IRQHandler
                0x000000000800106c                TIM7_IRQHandler
                0x000000000800106c                SDMMC1_IRQHandler
                0x000000000800106c                CAN2_TX_IRQHandler
                0x000000000800106c                TIM5_IRQHandler
                0x000000000800106c                DMA2_Stream7_IRQHandler
                0x000000000800106c                I2C3_EV_IRQHandler
                0x000000000800106c                EXTI9_5_IRQHandler
                0x000000000800106c                RTC_WKUP_IRQHandler
                0x000000000800106c                LTDC_IRQHandler
                0x000000000800106c                ETH_WKUP_IRQHandler
                0x000000000800106c                SPDIF_RX_IRQHandler
                0x000000000800106c                SPI2_IRQHandler
                0x000000000800106c                OTG_HS_EP1_IN_IRQHandler
                0x000000000800106c                DMA1_Stream0_IRQHandler
                0x000000000800106c                CAN1_TX_IRQHandler
                0x000000000800106c                EXTI4_IRQHandler
                0x000000000800106c                RNG_IRQHandler
                0x000000000800106c                ETH_IRQHandler
                0x000000000800106c                OTG_HS_EP1_OUT_IRQHandler
                0x000000000800106c                WWDG_IRQHandler
                0x000000000800106c                SPI6_IRQHandler
                0x000000000800106c                MDIOS_IRQHandler
                0x000000000800106c                I2C4_EV_IRQHandler
                0x000000000800106c                CAN3_TX_IRQHandler
                0x000000000800106c                TIM2_IRQHandler
                0x000000000800106c                OTG_FS_WKUP_IRQHandler
                0x000000000800106c                TIM1_TRG_COM_TIM11_IRQHandler
                0x000000000800106c                OTG_HS_IRQHandler
                0x000000000800106c                DMA2D_IRQHandler
                0x000000000800106c                EXTI1_IRQHandler
                0x000000000800106c                SDMMC2_IRQHandler
                0x000000000800106c                UART7_IRQHandler
                0x000000000800106c                USART2_IRQHandler
                0x000000000800106c                DFSDM1_FLT0_IRQHandler
                0x000000000800106c                I2C2_ER_IRQHandler
                0x000000000800106c                DMA2_Stream1_IRQHandler
                0x000000000800106c                CAN1_SCE_IRQHandler
                0x000000000800106c                FLASH_IRQHandler
                0x000000000800106c                DMA2_Stream4_IRQHandler
                0x000000000800106c                USART1_IRQHandler
                0x000000000800106c                OTG_FS_IRQHandler
                0x000000000800106c                SPI3_IRQHandler
                0x000000000800106c                DMA1_Stream4_IRQHandler
                0x000000000800106c                I2C1_ER_IRQHandler
                0x000000000800106c                FMC_IRQHandler
                0x000000000800106c                LPTIM1_IRQHandler
                0x000000000800106c                I2C4_ER_IRQHandler
                0x000000000800106c                DMA2_Stream6_IRQHandler
                0x000000000800106c                SAI1_IRQHandler
                0x000000000800106c                DMA1_Stream3_IRQHandler
 .text.HAL_Init
                0x000000000800106e       0x1a ./Drivers/STM32F7xx_HAL_Driver/Src/stm32f7xx_hal.o
                0x000000000800106e                HAL_Init
 .text.HAL_InitTick
                0x0000000008001088       0x60 ./Drivers/STM32F7xx_HAL_Driver/Src/stm32f7xx_hal.o
                0x0000000008001088                HAL_InitTick
 .text.HAL_IncTick
                0x00000000080010e8       0x28 ./Drivers/STM32F7xx_HAL_Driver/Src/stm32f7xx_hal.o
                0x00000000080010e8                HAL_IncTick
 .text.HAL_GetTick
                0x0000000008001110       0x18 ./Drivers/STM32F7xx_HAL_Driver/Src/stm32f7xx_hal.o
                0x0000000008001110                HAL_GetTick
 .text.HAL_Delay
                0x0000000008001128       0x48 ./Drivers/STM32F7xx_HAL_Driver/Src/stm32f7xx_hal.o
                0x0000000008001128                HAL_Delay
 .text.__NVIC_SetPriorityGrouping
                0x0000000008001170       0x48 ./Drivers/STM32F7xx_HAL_Driver/Src/stm32f7xx_hal_cortex.o
 .text.__NVIC_GetPriorityGrouping
                0x00000000080011b8       0x1c ./Drivers/STM32F7xx_HAL_Driver/Src/stm32f7xx_hal_cortex.o
 .text.__NVIC_SetPriority
                0x00000000080011d4       0x54 ./Drivers/STM32F7xx_HAL_Driver/Src/stm32f7xx_hal_cortex.o
 .text.NVIC_EncodePriority
                0x0000000008001228       0x66 ./Drivers/STM32F7xx_HAL_Driver/Src/stm32f7xx_hal_cortex.o
 *fill*         0x000000000800128e        0x2 
 .text.SysTick_Config
                0x0000000008001290       0x44 ./Drivers/STM32F7xx_HAL_Driver/Src/stm32f7xx_hal_cortex.o
 .text.HAL_NVIC_SetPriorityGrouping
                0x00000000080012d4       0x16 ./Drivers/STM32F7xx_HAL_Driver/Src/stm32f7xx_hal_cortex.o
                0x00000000080012d4                HAL_NVIC_SetPriorityGrouping
 .text.HAL_NVIC_SetPriority
                0x00000000080012ea       0x38 ./Drivers/STM32F7xx_HAL_Driver/Src/stm32f7xx_hal_cortex.o
                0x00000000080012ea                HAL_NVIC_SetPriority
 .text.HAL_SYSTICK_Config
                0x0000000008001322       0x18 ./Drivers/STM32F7xx_HAL_Driver/Src/stm32f7xx_hal_cortex.o
                0x0000000008001322                HAL_SYSTICK_Config
 *fill*         0x000000000800133a        0x2 
 .text.HAL_GPIO_Init
                0x000000000800133c      0x358 ./Drivers/STM32F7xx_HAL_Driver/Src/stm32f7xx_hal_gpio.o
                0x000000000800133c                HAL_GPIO_Init
 .text.HAL_GPIO_ReadPin
                0x0000000008001694       0x30 ./Drivers/STM32F7xx_HAL_Driver/Src/stm32f7xx_hal_gpio.o
                0x0000000008001694                HAL_GPIO_ReadPin
 .text.HAL_I2C_Init
                0x00000000080016c4      0x120 ./Drivers/STM32F7xx_HAL_Driver/Src/stm32f7xx_hal_i2c.o
                0x00000000080016c4                HAL_I2C_Init
 .text.HAL_I2C_Master_Transmit
                0x00000000080017e4      0x1e8 ./Drivers/STM32F7xx_HAL_Driver/Src/stm32f7xx_hal_i2c.o
                0x00000000080017e4                HAL_I2C_Master_Transmit
 .text.HAL_I2C_Master_Receive
                0x00000000080019cc      0x1ec ./Drivers/STM32F7xx_HAL_Driver/Src/stm32f7xx_hal_i2c.o
                0x00000000080019cc                HAL_I2C_Master_Receive
 .text.I2C_Flush_TXDR
                0x0000000008001bb8       0x48 ./Drivers/STM32F7xx_HAL_Driver/Src/stm32f7xx_hal_i2c.o
 .text.I2C_WaitOnFlagUntilTimeout
                0x0000000008001c00       0x80 ./Drivers/STM32F7xx_HAL_Driver/Src/stm32f7xx_hal_i2c.o
 .text.I2C_WaitOnTXISFlagUntilTimeout
                0x0000000008001c80       0x80 ./Drivers/STM32F7xx_HAL_Driver/Src/stm32f7xx_hal_i2c.o
 .text.I2C_WaitOnSTOPFlagUntilTimeout
                0x0000000008001d00       0x78 ./Drivers/STM32F7xx_HAL_Driver/Src/stm32f7xx_hal_i2c.o
 .text.I2C_WaitOnRXNEFlagUntilTimeout
                0x0000000008001d78       0xf4 ./Drivers/STM32F7xx_HAL_Driver/Src/stm32f7xx_hal_i2c.o
 .text.I2C_IsErrorOccurred
                0x0000000008001e6c      0x1c0 ./Drivers/STM32F7xx_HAL_Driver/Src/stm32f7xx_hal_i2c.o
 .text.I2C_TransferConfig
                0x000000000800202c       0x64 ./Drivers/STM32F7xx_HAL_Driver/Src/stm32f7xx_hal_i2c.o
 .text.HAL_I2CEx_ConfigAnalogFilter
                0x0000000008002090       0x96 ./Drivers/STM32F7xx_HAL_Driver/Src/stm32f7xx_hal_i2c_ex.o
                0x0000000008002090                HAL_I2CEx_ConfigAnalogFilter
 .text.HAL_I2CEx_ConfigDigitalFilter
                0x0000000008002126       0x98 ./Drivers/STM32F7xx_HAL_Driver/Src/stm32f7xx_hal_i2c_ex.o
                0x0000000008002126                HAL_I2CEx_ConfigDigitalFilter
 *fill*         0x00000000080021be        0x2 
 .text.HAL_RCC_OscConfig
                0x00000000080021c0      0x55c ./Drivers/STM32F7xx_HAL_Driver/Src/stm32f7xx_hal_rcc.o
                0x00000000080021c0                HAL_RCC_OscConfig
 .text.HAL_RCC_ClockConfig
                0x000000000800271c      0x1d8 ./Drivers/STM32F7xx_HAL_Driver/Src/stm32f7xx_hal_rcc.o
                0x000000000800271c                HAL_RCC_ClockConfig
 .text.HAL_RCC_GetSysClockFreq
                0x00000000080028f4      0x18c ./Drivers/STM32F7xx_HAL_Driver/Src/stm32f7xx_hal_rcc.o
                0x00000000080028f4                HAL_RCC_GetSysClockFreq
 .text.HAL_RCC_GetHCLKFreq
                0x0000000008002a80       0x18 ./Drivers/STM32F7xx_HAL_Driver/Src/stm32f7xx_hal_rcc.o
                0x0000000008002a80                HAL_RCC_GetHCLKFreq
 .text.HAL_RCC_GetPCLK1Freq
                0x0000000008002a98       0x28 ./Drivers/STM32F7xx_HAL_Driver/Src/stm32f7xx_hal_rcc.o
                0x0000000008002a98                HAL_RCC_GetPCLK1Freq
 .text.HAL_RCC_GetPCLK2Freq
                0x0000000008002ac0       0x28 ./Drivers/STM32F7xx_HAL_Driver/Src/stm32f7xx_hal_rcc.o
                0x0000000008002ac0                HAL_RCC_GetPCLK2Freq
 .text.HAL_RCCEx_PeriphCLKConfig
                0x0000000008002ae8      0x850 ./Drivers/STM32F7xx_HAL_Driver/Src/stm32f7xx_hal_rcc_ex.o
                0x0000000008002ae8                HAL_RCCEx_PeriphCLKConfig
 .text.HAL_TIM_PWM_Init
                0x0000000008003338       0xae ./Drivers/STM32F7xx_HAL_Driver/Src/stm32f7xx_hal_tim.o
                0x0000000008003338                HAL_TIM_PWM_Init
 *fill*         0x00000000080033e6        0x2 
 .text.HAL_TIM_PWM_Start
                0x00000000080033e8      0x1f4 ./Drivers/STM32F7xx_HAL_Driver/Src/stm32f7xx_hal_tim.o
                0x00000000080033e8                HAL_TIM_PWM_Start
 .text.HAL_TIM_PWM_ConfigChannel
                0x00000000080035dc      0x228 ./Drivers/STM32F7xx_HAL_Driver/Src/stm32f7xx_hal_tim.o
                0x00000000080035dc                HAL_TIM_PWM_ConfigChannel
 .text.TIM_Base_SetConfig
                0x0000000008003804      0x140 ./Drivers/STM32F7xx_HAL_Driver/Src/stm32f7xx_hal_tim.o
                0x0000000008003804                TIM_Base_SetConfig
 .text.TIM_OC1_SetConfig
                0x0000000008003944       0xe4 ./Drivers/STM32F7xx_HAL_Driver/Src/stm32f7xx_hal_tim.o
 .text.TIM_OC2_SetConfig
                0x0000000008003a28       0xf0 ./Drivers/STM32F7xx_HAL_Driver/Src/stm32f7xx_hal_tim.o
                0x0000000008003a28                TIM_OC2_SetConfig
 .text.TIM_OC3_SetConfig
                0x0000000008003b18       0xec ./Drivers/STM32F7xx_HAL_Driver/Src/stm32f7xx_hal_tim.o
 .text.TIM_OC4_SetConfig
                0x0000000008003c04       0xb0 ./Drivers/STM32F7xx_HAL_Driver/Src/stm32f7xx_hal_tim.o
 .text.TIM_OC5_SetConfig
                0x0000000008003cb4       0xa4 ./Drivers/STM32F7xx_HAL_Driver/Src/stm32f7xx_hal_tim.o
 .text.TIM_OC6_SetConfig
                0x0000000008003d58       0xa8 ./Drivers/STM32F7xx_HAL_Driver/Src/stm32f7xx_hal_tim.o
 .text.TIM_CCxChannelCmd
                0x0000000008003e00       0x4a ./Drivers/STM32F7xx_HAL_Driver/Src/stm32f7xx_hal_tim.o
                0x0000000008003e00                TIM_CCxChannelCmd
 *fill*         0x0000000008003e4a        0x2 
 .text.HAL_TIMEx_MasterConfigSynchronization
                0x0000000008003e4c      0x11c ./Drivers/STM32F7xx_HAL_Driver/Src/stm32f7xx_hal_tim_ex.o
                0x0000000008003e4c                HAL_TIMEx_MasterConfigSynchronization
 .text.HAL_UART_Init
                0x0000000008003f68       0x9c ./Drivers/STM32F7xx_HAL_Driver/Src/stm32f7xx_hal_uart.o
                0x0000000008003f68                HAL_UART_Init
 .text.HAL_UART_Transmit
                0x0000000008004004      0x106 ./Drivers/STM32F7xx_HAL_Driver/Src/stm32f7xx_hal_uart.o
                0x0000000008004004                HAL_UART_Transmit
 *fill*         0x000000000800410a        0x2 
 .text.UART_SetConfig
                0x000000000800410c      0x4c8 ./Drivers/STM32F7xx_HAL_Driver/Src/stm32f7xx_hal_uart.o
                0x000000000800410c                UART_SetConfig
 .text.UART_AdvFeatureConfig
                0x00000000080045d4      0x144 ./Drivers/STM32F7xx_HAL_Driver/Src/stm32f7xx_hal_uart.o
                0x00000000080045d4                UART_AdvFeatureConfig
 .text.UART_CheckIdleState
                0x0000000008004718       0x9a ./Drivers/STM32F7xx_HAL_Driver/Src/stm32f7xx_hal_uart.o
                0x0000000008004718                UART_CheckIdleState
 .text.UART_WaitOnFlagUntilTimeout
                0x00000000080047b2      0x18c ./Drivers/STM32F7xx_HAL_Driver/Src/stm32f7xx_hal_uart.o
                0x00000000080047b2                UART_WaitOnFlagUntilTimeout
 .text.VL53L0X_GetOffsetCalibrationDataMicroMeter
                0x000000000800493e       0x26 ./Drivers/VL53L0x/core/src/vl53l0x_api.o
                0x000000000800493e                VL53L0X_GetOffsetCalibrationDataMicroMeter
 .text.VL53L0X_DataInit
                0x0000000008004964      0x30c ./Drivers/VL53L0x/core/src/vl53l0x_api.o
                0x0000000008004964                VL53L0X_DataInit
 .text.VL53L0X_StaticInit
                0x0000000008004c70      0x308 ./Drivers/VL53L0x/core/src/vl53l0x_api.o
                0x0000000008004c70                VL53L0X_StaticInit
 .text.VL53L0X_WaitDeviceBooted
                0x0000000008004f78       0x1c ./Drivers/VL53L0x/core/src/vl53l0x_api.o
                0x0000000008004f78                VL53L0X_WaitDeviceBooted
 .text.VL53L0X_GetDeviceParameters
                0x0000000008004f94      0x16a ./Drivers/VL53L0x/core/src/vl53l0x_api.o
                0x0000000008004f94                VL53L0X_GetDeviceParameters
 *fill*         0x00000000080050fe        0x2 
 .text.VL53L0X_SetDeviceMode
                0x0000000008005100       0x58 ./Drivers/VL53L0x/core/src/vl53l0x_api.o
                0x0000000008005100                VL53L0X_SetDeviceMode
 .text.VL53L0X_GetDeviceMode
                0x0000000008005158       0x26 ./Drivers/VL53L0x/core/src/vl53l0x_api.o
                0x0000000008005158                VL53L0X_GetDeviceMode
 .text.VL53L0X_GetFractionEnable
                0x000000000800517e       0x3e ./Drivers/VL53L0x/core/src/vl53l0x_api.o
                0x000000000800517e                VL53L0X_GetFractionEnable
 .text.VL53L0X_SetMeasurementTimingBudgetMicroSeconds
                0x00000000080051bc       0x26 ./Drivers/VL53L0x/core/src/vl53l0x_api.o
                0x00000000080051bc                VL53L0X_SetMeasurementTimingBudgetMicroSeconds
 .text.VL53L0X_GetMeasurementTimingBudgetMicroSeconds
                0x00000000080051e2       0x26 ./Drivers/VL53L0x/core/src/vl53l0x_api.o
                0x00000000080051e2                VL53L0X_GetMeasurementTimingBudgetMicroSeconds
 .text.VL53L0X_SetVcselPulsePeriod
                0x0000000008005208       0x30 ./Drivers/VL53L0x/core/src/vl53l0x_api.o
                0x0000000008005208                VL53L0X_SetVcselPulsePeriod
 .text.VL53L0X_GetVcselPulsePeriod
                0x0000000008005238       0x2e ./Drivers/VL53L0x/core/src/vl53l0x_api.o
                0x0000000008005238                VL53L0X_GetVcselPulsePeriod
 *fill*         0x0000000008005266        0x2 
 .text.VL53L0X_SetSequenceStepEnable
                0x0000000008005268      0x140 ./Drivers/VL53L0x/core/src/vl53l0x_api.o
                0x0000000008005268                VL53L0X_SetSequenceStepEnable
 .text.sequence_step_enabled
                0x00000000080053a8       0xa4 ./Drivers/VL53L0x/core/src/vl53l0x_api.o
                0x00000000080053a8                sequence_step_enabled
 .text.VL53L0X_GetSequenceStepEnables
                0x000000000800544c       0xb0 ./Drivers/VL53L0x/core/src/vl53l0x_api.o
                0x000000000800544c                VL53L0X_GetSequenceStepEnables
 .text.VL53L0X_GetInterMeasurementPeriodMilliSeconds
                0x00000000080054fc       0x68 ./Drivers/VL53L0x/core/src/vl53l0x_api.o
                0x00000000080054fc                VL53L0X_GetInterMeasurementPeriodMilliSeconds
 .text.VL53L0X_GetXTalkCompensationEnable
                0x0000000008005564       0x2a ./Drivers/VL53L0x/core/src/vl53l0x_api.o
                0x0000000008005564                VL53L0X_GetXTalkCompensationEnable
 .text.VL53L0X_GetXTalkCompensationRateMegaCps
                0x000000000800558e       0x66 ./Drivers/VL53L0x/core/src/vl53l0x_api.o
                0x000000000800558e                VL53L0X_GetXTalkCompensationRateMegaCps
 .text.VL53L0X_SetLimitCheckEnable
                0x00000000080055f4      0x118 ./Drivers/VL53L0x/core/src/vl53l0x_api.o
                0x00000000080055f4                VL53L0X_SetLimitCheckEnable
 .text.VL53L0X_GetLimitCheckEnable
                0x000000000800570c       0x46 ./Drivers/VL53L0x/core/src/vl53l0x_api.o
                0x000000000800570c                VL53L0X_GetLimitCheckEnable
 *fill*         0x0000000008005752        0x2 
 .text.VL53L0X_SetLimitCheckValue
                0x0000000008005754       0xc4 ./Drivers/VL53L0x/core/src/vl53l0x_api.o
                0x0000000008005754                VL53L0X_SetLimitCheckValue
 .text.VL53L0X_GetLimitCheckValue
                0x0000000008005818      0x11c ./Drivers/VL53L0x/core/src/vl53l0x_api.o
                0x0000000008005818                VL53L0X_GetLimitCheckValue
 .text.VL53L0X_GetWrapAroundCheckEnable
                0x0000000008005934       0x64 ./Drivers/VL53L0x/core/src/vl53l0x_api.o
                0x0000000008005934                VL53L0X_GetWrapAroundCheckEnable
 .text.VL53L0X_PerformSingleMeasurement
                0x0000000008005998       0x68 ./Drivers/VL53L0x/core/src/vl53l0x_api.o
                0x0000000008005998                VL53L0X_PerformSingleMeasurement
 .text.VL53L0X_PerformRefCalibration
                0x0000000008005a00       0x2c ./Drivers/VL53L0x/core/src/vl53l0x_api.o
                0x0000000008005a00                VL53L0X_PerformRefCalibration
 .text.VL53L0X_CheckAndLoadInterruptSettings
                0x0000000008005a2c      0x1e4 ./Drivers/VL53L0x/core/src/vl53l0x_api.o
                0x0000000008005a2c                VL53L0X_CheckAndLoadInterruptSettings
 .text.VL53L0X_StartMeasurement
                0x0000000008005c10      0x184 ./Drivers/VL53L0x/core/src/vl53l0x_api.o
                0x0000000008005c10                VL53L0X_StartMeasurement
 .text.VL53L0X_GetMeasurementDataReady
                0x0000000008005d94       0x80 ./Drivers/VL53L0x/core/src/vl53l0x_api.o
                0x0000000008005d94                VL53L0X_GetMeasurementDataReady
 .text.VL53L0X_GetRangingMeasurementData
                0x0000000008005e14      0x248 ./Drivers/VL53L0x/core/src/vl53l0x_api.o
                0x0000000008005e14                VL53L0X_GetRangingMeasurementData
 .text.VL53L0X_PerformSingleRangingMeasurement
                0x000000000800605c       0x60 ./Drivers/VL53L0x/core/src/vl53l0x_api.o
                0x000000000800605c                VL53L0X_PerformSingleRangingMeasurement
 .text.VL53L0X_SetGpioConfig
                0x00000000080060bc      0x244 ./Drivers/VL53L0x/core/src/vl53l0x_api.o
                0x00000000080060bc                VL53L0X_SetGpioConfig
 .text.VL53L0X_GetInterruptThresholds
                0x0000000008006300       0x6c ./Drivers/VL53L0x/core/src/vl53l0x_api.o
                0x0000000008006300                VL53L0X_GetInterruptThresholds
 .text.VL53L0X_ClearInterruptMask
                0x000000000800636c       0x80 ./Drivers/VL53L0x/core/src/vl53l0x_api.o
                0x000000000800636c                VL53L0X_ClearInterruptMask
 .text.VL53L0X_GetInterruptMaskStatus
                0x00000000080063ec       0x44 ./Drivers/VL53L0x/core/src/vl53l0x_api.o
                0x00000000080063ec                VL53L0X_GetInterruptMaskStatus
 .text.VL53L0X_PerformRefSpadManagement
                0x0000000008006430       0x2a ./Drivers/VL53L0x/core/src/vl53l0x_api.o
                0x0000000008006430                VL53L0X_PerformRefSpadManagement
 .text.VL53L0X_get_offset_calibration_data_micro_meter
                0x000000000800645a       0x7e ./Drivers/VL53L0x/core/src/vl53l0x_api_calibration.o
                0x000000000800645a                VL53L0X_get_offset_calibration_data_micro_meter
 .text.get_next_good_spad
                0x00000000080064d8       0xbc ./Drivers/VL53L0x/core/src/vl53l0x_api_calibration.o
                0x00000000080064d8                get_next_good_spad
 .text.is_aperture
                0x0000000008006594       0x34 ./Drivers/VL53L0x/core/src/vl53l0x_api_calibration.o
                0x0000000008006594                is_aperture
 .text.enable_spad_bit
                0x00000000080065c8       0x70 ./Drivers/VL53L0x/core/src/vl53l0x_api_calibration.o
                0x00000000080065c8                enable_spad_bit
 .text.set_ref_spad_map
                0x0000000008006638       0x26 ./Drivers/VL53L0x/core/src/vl53l0x_api_calibration.o
                0x0000000008006638                set_ref_spad_map
 .text.get_ref_spad_map
                0x000000000800665e       0x26 ./Drivers/VL53L0x/core/src/vl53l0x_api_calibration.o
                0x000000000800665e                get_ref_spad_map
 .text.enable_ref_spads
                0x0000000008006684       0xf8 ./Drivers/VL53L0x/core/src/vl53l0x_api_calibration.o
                0x0000000008006684                enable_ref_spads
 .text.perform_ref_signal_measurement
                0x000000000800677c       0xd4 ./Drivers/VL53L0x/core/src/vl53l0x_api_calibration.o
                0x000000000800677c                perform_ref_signal_measurement
 .text.VL53L0X_perform_ref_spad_management
                0x0000000008006850      0x418 ./Drivers/VL53L0x/core/src/vl53l0x_api_calibration.o
                0x0000000008006850                VL53L0X_perform_ref_spad_management
 .text.VL53L0X_set_reference_spads
                0x0000000008006c68      0x14a ./Drivers/VL53L0x/core/src/vl53l0x_api_calibration.o
                0x0000000008006c68                VL53L0X_set_reference_spads
 .text.VL53L0X_perform_single_ref_calibration
                0x0000000008006db2       0x76 ./Drivers/VL53L0x/core/src/vl53l0x_api_calibration.o
                0x0000000008006db2                VL53L0X_perform_single_ref_calibration
 .text.VL53L0X_ref_calibration_io
                0x0000000008006e28      0x132 ./Drivers/VL53L0x/core/src/vl53l0x_api_calibration.o
                0x0000000008006e28                VL53L0X_ref_calibration_io
 .text.VL53L0X_perform_vhv_calibration
                0x0000000008006f5a       0xce ./Drivers/VL53L0x/core/src/vl53l0x_api_calibration.o
                0x0000000008006f5a                VL53L0X_perform_vhv_calibration
 .text.VL53L0X_perform_phase_calibration
                0x0000000008007028       0xca ./Drivers/VL53L0x/core/src/vl53l0x_api_calibration.o
                0x0000000008007028                VL53L0X_perform_phase_calibration
 .text.VL53L0X_perform_ref_calibration
                0x00000000080070f2       0x7a ./Drivers/VL53L0x/core/src/vl53l0x_api_calibration.o
                0x00000000080070f2                VL53L0X_perform_ref_calibration
 .text.VL53L0X_measurement_poll_for_completion
                0x000000000800716c       0x60 ./Drivers/VL53L0x/core/src/vl53l0x_api_core.o
                0x000000000800716c                VL53L0X_measurement_poll_for_completion
 .text.VL53L0X_decode_vcsel_period
                0x00000000080071cc       0x26 ./Drivers/VL53L0x/core/src/vl53l0x_api_core.o
                0x00000000080071cc                VL53L0X_decode_vcsel_period
 .text.VL53L0X_encode_vcsel_period
                0x00000000080071f2       0x26 ./Drivers/VL53L0x/core/src/vl53l0x_api_core.o
                0x00000000080071f2                VL53L0X_encode_vcsel_period
 .text.VL53L0X_isqrt
                0x0000000008007218       0x68 ./Drivers/VL53L0x/core/src/vl53l0x_api_core.o
                0x0000000008007218                VL53L0X_isqrt
 .text.VL53L0X_device_read_strobe
                0x0000000008007280       0x86 ./Drivers/VL53L0x/core/src/vl53l0x_api_core.o
                0x0000000008007280                VL53L0X_device_read_strobe
 .text.VL53L0X_get_info_from_device
                0x0000000008007306      0x99c ./Drivers/VL53L0x/core/src/vl53l0x_api_core.o
                0x0000000008007306                VL53L0X_get_info_from_device
 .text.VL53L0X_calc_macro_period_ps
                0x0000000008007ca2       0x3c ./Drivers/VL53L0x/core/src/vl53l0x_api_core.o
                0x0000000008007ca2                VL53L0X_calc_macro_period_ps
 .text.VL53L0X_encode_timeout
                0x0000000008007cde       0x58 ./Drivers/VL53L0x/core/src/vl53l0x_api_core.o
                0x0000000008007cde                VL53L0X_encode_timeout
 .text.VL53L0X_decode_timeout
                0x0000000008007d36       0x2c ./Drivers/VL53L0x/core/src/vl53l0x_api_core.o
                0x0000000008007d36                VL53L0X_decode_timeout
 *fill*         0x0000000008007d62        0x2 
 .text.VL53L0X_calc_timeout_mclks
                0x0000000008007d64       0x54 ./Drivers/VL53L0x/core/src/vl53l0x_api_core.o
                0x0000000008007d64                VL53L0X_calc_timeout_mclks
 .text.VL53L0X_calc_timeout_us
                0x0000000008007db8       0x54 ./Drivers/VL53L0x/core/src/vl53l0x_api_core.o
                0x0000000008007db8                VL53L0X_calc_timeout_us
 .text.get_sequence_step_timeout
                0x0000000008007e0c      0x1c2 ./Drivers/VL53L0x/core/src/vl53l0x_api_core.o
                0x0000000008007e0c                get_sequence_step_timeout
 .text.set_sequence_step_timeout
                0x0000000008007fce      0x1e4 ./Drivers/VL53L0x/core/src/vl53l0x_api_core.o
                0x0000000008007fce                set_sequence_step_timeout
 .text.VL53L0X_set_vcsel_pulse_period
                0x00000000080081b2      0x50e ./Drivers/VL53L0x/core/src/vl53l0x_api_core.o
                0x00000000080081b2                VL53L0X_set_vcsel_pulse_period
 .text.VL53L0X_get_vcsel_pulse_period
                0x00000000080086c0       0x6e ./Drivers/VL53L0x/core/src/vl53l0x_api_core.o
                0x00000000080086c0                VL53L0X_get_vcsel_pulse_period
 .text.VL53L0X_set_measurement_timing_budget_micro_seconds
                0x000000000800872e      0x1a6 ./Drivers/VL53L0x/core/src/vl53l0x_api_core.o
                0x000000000800872e                VL53L0X_set_measurement_timing_budget_micro_seconds
 .text.VL53L0X_get_measurement_timing_budget_micro_seconds
                0x00000000080088d4      0x162 ./Drivers/VL53L0x/core/src/vl53l0x_api_core.o
                0x00000000080088d4                VL53L0X_get_measurement_timing_budget_micro_seconds
 *fill*         0x0000000008008a36        0x2 
 .text.VL53L0X_load_tuning_settings
                0x0000000008008a38      0x1c4 ./Drivers/VL53L0x/core/src/vl53l0x_api_core.o
                0x0000000008008a38                VL53L0X_load_tuning_settings
 .text.VL53L0X_get_total_xtalk_rate
                0x0000000008008bfc       0x5e ./Drivers/VL53L0x/core/src/vl53l0x_api_core.o
                0x0000000008008bfc                VL53L0X_get_total_xtalk_rate
 .text.VL53L0X_get_total_signal_rate
                0x0000000008008c5a       0x4a ./Drivers/VL53L0x/core/src/vl53l0x_api_core.o
                0x0000000008008c5a                VL53L0X_get_total_signal_rate
 .text.get_dmax_lut_points
                0x0000000008008ca4       0x8e ./Drivers/VL53L0x/core/src/vl53l0x_api_core.o
                0x0000000008008ca4                get_dmax_lut_points
 .text.VL53L0X_calc_dmax
                0x0000000008008d32      0x14c ./Drivers/VL53L0x/core/src/vl53l0x_api_core.o
                0x0000000008008d32                VL53L0X_calc_dmax
 *fill*         0x0000000008008e7e        0x2 
 .text.VL53L0X_calc_sigma_estimate
                0x0000000008008e80      0x45c ./Drivers/VL53L0x/core/src/vl53l0x_api_core.o
                0x0000000008008e80                VL53L0X_calc_sigma_estimate
 .text.VL53L0X_get_pal_range_status
                0x00000000080092dc      0x3c4 ./Drivers/VL53L0x/core/src/vl53l0x_api_core.o
                0x00000000080092dc                VL53L0X_get_pal_range_status
 .text._I2CWrite
                0x00000000080096a0       0x3e ./Drivers/VL53L0x/platform/src/vl53l0x_platform.o
                0x00000000080096a0                _I2CWrite
 .text._I2CRead
                0x00000000080096de       0x44 ./Drivers/VL53L0x/platform/src/vl53l0x_platform.o
                0x00000000080096de                _I2CRead
 *fill*         0x0000000008009722        0x2 
 .text.VL53L0X_WriteMulti
                0x0000000008009724       0x60 ./Drivers/VL53L0x/platform/src/vl53l0x_platform.o
                0x0000000008009724                VL53L0X_WriteMulti
 .text.VL53L0X_ReadMulti
                0x0000000008009784       0x56 ./Drivers/VL53L0x/platform/src/vl53l0x_platform.o
                0x0000000008009784                VL53L0X_ReadMulti
 *fill*         0x00000000080097da        0x2 
 .text.VL53L0X_WrByte
                0x00000000080097dc       0x48 ./Drivers/VL53L0x/platform/src/vl53l0x_platform.o
                0x00000000080097dc                VL53L0X_WrByte
 .text.VL53L0X_WrWord
                0x0000000008009824       0x54 ./Drivers/VL53L0x/platform/src/vl53l0x_platform.o
                0x0000000008009824                VL53L0X_WrWord
 .text.VL53L0X_UpdateByte
                0x0000000008009878       0x68 ./Drivers/VL53L0x/platform/src/vl53l0x_platform.o
                0x0000000008009878                VL53L0X_UpdateByte
 .text.VL53L0X_RdByte
                0x00000000080098e0       0x54 ./Drivers/VL53L0x/platform/src/vl53l0x_platform.o
                0x00000000080098e0                VL53L0X_RdByte
 .text.VL53L0X_RdWord
                0x0000000008009934       0x70 ./Drivers/VL53L0x/platform/src/vl53l0x_platform.o
                0x0000000008009934                VL53L0X_RdWord
 .text.VL53L0X_RdDWord
                0x00000000080099a4       0x78 ./Drivers/VL53L0x/platform/src/vl53l0x_platform.o
                0x00000000080099a4                VL53L0X_RdDWord
 .text.VL53L0X_PollingDelay
                0x0000000008009a1c       0x1e ./Drivers/VL53L0x/platform/src/vl53l0x_platform.o
                0x0000000008009a1c                VL53L0X_PollingDelay
 .text.vListInsertEnd
                0x0000000008009a3a       0x48 ./Middlewares/Third_Party/FreeRTOS/Source/list.o
                0x0000000008009a3a                vListInsertEnd
 .text.uxListRemove
                0x0000000008009a82       0x54 ./Middlewares/Third_Party/FreeRTOS/Source/list.o
                0x0000000008009a82                uxListRemove
 *fill*         0x0000000008009ad6        0x2 
 .text.xTaskIncrementTick
                0x0000000008009ad8      0x174 ./Middlewares/Third_Party/FreeRTOS/Source/tasks.o
                0x0000000008009ad8                xTaskIncrementTick
 .text.vTaskSwitchContext
                0x0000000008009c4c       0xbc ./Middlewares/Third_Party/FreeRTOS/Source/tasks.o
                0x0000000008009c4c                vTaskSwitchContext
 .text.prvResetNextTaskUnblockTime
                0x0000000008009d08       0x40 ./Middlewares/Third_Party/FreeRTOS/Source/tasks.o
 .text.xTaskGetSchedulerState
                0x0000000008009d48       0x3c ./Middlewares/Third_Party/FreeRTOS/Source/tasks.o
                0x0000000008009d48                xTaskGetSchedulerState
 *fill*         0x0000000008009d84        0xc 
 .text.SVC_Handler
                0x0000000008009d90       0x28 ./Middlewares/Third_Party/FreeRTOS/Source/portable/GCC/ARM_CM7/r0p1/port.o
                0x0000000008009d90                SVC_Handler
 *fill*         0x0000000008009db8        0x8 
 .text.PendSV_Handler
                0x0000000008009dc0       0x68 ./Middlewares/Third_Party/FreeRTOS/Source/portable/GCC/ARM_CM7/r0p1/port.o
                0x0000000008009dc0                PendSV_Handler
 .text.xPortSysTickHandler
                0x0000000008009e28       0x48 ./Middlewares/Third_Party/FreeRTOS/Source/portable/GCC/ARM_CM7/r0p1/port.o
                0x0000000008009e28                xPortSysTickHandler
 .text.sprintf  0x0000000008009e70       0x40 C:/ST/STM32CubeIDE_1.13.1/STM32CubeIDE/plugins/com.st.stm32cube.ide.mcu.externaltools.gnu-tools-for-stm32.11.3.rel1.win32_1.1.0.202305231506/tools/bin/../lib/gcc/arm-none-eabi/11.3.1/../../../../arm-none-eabi/lib/thumb/v7e-m+dp/hard\libc_nano.a(libc_a-sprintf.o)
                0x0000000008009e70                siprintf
                0x0000000008009e70                sprintf
 .text.memset   0x0000000008009eb0       0x10 C:/ST/STM32CubeIDE_1.13.1/STM32CubeIDE/plugins/com.st.stm32cube.ide.mcu.externaltools.gnu-tools-for-stm32.11.3.rel1.win32_1.1.0.202305231506/tools/bin/../lib/gcc/arm-none-eabi/11.3.1/../../../../arm-none-eabi/lib/thumb/v7e-m+dp/hard\libc_nano.a(libc_a-memset.o)
                0x0000000008009eb0                memset
 .text.__errno  0x0000000008009ec0        0xc C:/ST/STM32CubeIDE_1.13.1/STM32CubeIDE/plugins/com.st.stm32cube.ide.mcu.externaltools.gnu-tools-for-stm32.11.3.rel1.win32_1.1.0.202305231506/tools/bin/../lib/gcc/arm-none-eabi/11.3.1/../../../../arm-none-eabi/lib/thumb/v7e-m+dp/hard\libc_nano.a(libc_a-errno.o)
                0x0000000008009ec0                __errno
 .text.__libc_init_array
                0x0000000008009ecc       0x48 C:/ST/STM32CubeIDE_1.13.1/STM32CubeIDE/plugins/com.st.stm32cube.ide.mcu.externaltools.gnu-tools-for-stm32.11.3.rel1.win32_1.1.0.202305231506/tools/bin/../lib/gcc/arm-none-eabi/11.3.1/../../../../arm-none-eabi/lib/thumb/v7e-m+dp/hard\libc_nano.a(libc_a-init.o)
                0x0000000008009ecc                __libc_init_array
 .text.__retarget_lock_acquire_recursive
                0x0000000008009f14        0x2 C:/ST/STM32CubeIDE_1.13.1/STM32CubeIDE/plugins/com.st.stm32cube.ide.mcu.externaltools.gnu-tools-for-stm32.11.3.rel1.win32_1.1.0.202305231506/tools/bin/../lib/gcc/arm-none-eabi/11.3.1/../../../../arm-none-eabi/lib/thumb/v7e-m+dp/hard\libc_nano.a(libc_a-lock.o)
                0x0000000008009f14                __retarget_lock_acquire_recursive
 .text.__retarget_lock_release_recursive
                0x0000000008009f16        0x2 C:/ST/STM32CubeIDE_1.13.1/STM32CubeIDE/plugins/com.st.stm32cube.ide.mcu.externaltools.gnu-tools-for-stm32.11.3.rel1.win32_1.1.0.202305231506/tools/bin/../lib/gcc/arm-none-eabi/11.3.1/../../../../arm-none-eabi/lib/thumb/v7e-m+dp/hard\libc_nano.a(libc_a-lock.o)
                0x0000000008009f16                __retarget_lock_release_recursive
 .text.strcpy   0x0000000008009f18       0x10 C:/ST/STM32CubeIDE_1.13.1/STM32CubeIDE/plugins/com.st.stm32cube.ide.mcu.externaltools.gnu-tools-for-stm32.11.3.rel1.win32_1.1.0.202305231506/tools/bin/../lib/gcc/arm-none-eabi/11.3.1/../../../../arm-none-eabi/lib/thumb/v7e-m+dp/hard\libc_nano.a(libc_a-strcpy.o)
                0x0000000008009f18                strcpy
 .text.memcpy   0x0000000008009f28       0x1c C:/ST/STM32CubeIDE_1.13.1/STM32CubeIDE/plugins/com.st.stm32cube.ide.mcu.externaltools.gnu-tools-for-stm32.11.3.rel1.win32_1.1.0.202305231506/tools/bin/../lib/gcc/arm-none-eabi/11.3.1/../../../../arm-none-eabi/lib/thumb/v7e-m+dp/hard\libc_nano.a(libc_a-memcpy-stub.o)
                0x0000000008009f28                memcpy
 .text._free_r  0x0000000008009f44       0x98 C:/ST/STM32CubeIDE_1.13.1/STM32CubeIDE/plugins/com.st.stm32cube.ide.mcu.externaltools.gnu-tools-for-stm32.11.3.rel1.win32_1.1.0.202305231506/tools/bin/../lib/gcc/arm-none-eabi/11.3.1/../../../../arm-none-eabi/lib/thumb/v7e-m+dp/hard\libc_nano.a(libc_a-freer.o)
                0x0000000008009f44                _free_r
 .text.sbrk_aligned
                0x0000000008009fdc       0x40 C:/ST/STM32CubeIDE_1.13.1/STM32CubeIDE/plugins/com.st.stm32cube.ide.mcu.externaltools.gnu-tools-for-stm32.11.3.rel1.win32_1.1.0.202305231506/tools/bin/../lib/gcc/arm-none-eabi/11.3.1/../../../../arm-none-eabi/lib/thumb/v7e-m+dp/hard\libc_nano.a(libc_a-mallocr.o)
 .text._malloc_r
                0x000000000800a01c      0x100 C:/ST/STM32CubeIDE_1.13.1/STM32CubeIDE/plugins/com.st.stm32cube.ide.mcu.externaltools.gnu-tools-for-stm32.11.3.rel1.win32_1.1.0.202305231506/tools/bin/../lib/gcc/arm-none-eabi/11.3.1/../../../../arm-none-eabi/lib/thumb/v7e-m+dp/hard\libc_nano.a(libc_a-mallocr.o)
                0x000000000800a01c                _malloc_r
 .text.__malloc_lock
                0x000000000800a11c        0xc C:/ST/STM32CubeIDE_1.13.1/STM32CubeIDE/plugins/com.st.stm32cube.ide.mcu.externaltools.gnu-tools-for-stm32.11.3.rel1.win32_1.1.0.202305231506/tools/bin/../lib/gcc/arm-none-eabi/11.3.1/../../../../arm-none-eabi/lib/thumb/v7e-m+dp/hard\libc_nano.a(libc_a-mlock.o)
                0x000000000800a11c                __malloc_lock
 .text.__malloc_unlock
                0x000000000800a128        0xc C:/ST/STM32CubeIDE_1.13.1/STM32CubeIDE/plugins/com.st.stm32cube.ide.mcu.externaltools.gnu-tools-for-stm32.11.3.rel1.win32_1.1.0.202305231506/tools/bin/../lib/gcc/arm-none-eabi/11.3.1/../../../../arm-none-eabi/lib/thumb/v7e-m+dp/hard\libc_nano.a(libc_a-mlock.o)
                0x000000000800a128                __malloc_unlock
 .text.__ssputs_r
                0x000000000800a134       0xb4 C:/ST/STM32CubeIDE_1.13.1/STM32CubeIDE/plugins/com.st.stm32cube.ide.mcu.externaltools.gnu-tools-for-stm32.11.3.rel1.win32_1.1.0.202305231506/tools/bin/../lib/gcc/arm-none-eabi/11.3.1/../../../../arm-none-eabi/lib/thumb/v7e-m+dp/hard\libc_nano.a(libc_a-nano-svfprintf.o)
                0x000000000800a134                __ssputs_r
 .text._svfprintf_r
                0x000000000800a1e8      0x1fc C:/ST/STM32CubeIDE_1.13.1/STM32CubeIDE/plugins/com.st.stm32cube.ide.mcu.externaltools.gnu-tools-for-stm32.11.3.rel1.win32_1.1.0.202305231506/tools/bin/../lib/gcc/arm-none-eabi/11.3.1/../../../../arm-none-eabi/lib/thumb/v7e-m+dp/hard\libc_nano.a(libc_a-nano-svfprintf.o)
                0x000000000800a1e8                _svfiprintf_r
                0x000000000800a1e8                _svfprintf_r
 .text._printf_common
                0x000000000800a3e4       0xda C:/ST/STM32CubeIDE_1.13.1/STM32CubeIDE/plugins/com.st.stm32cube.ide.mcu.externaltools.gnu-tools-for-stm32.11.3.rel1.win32_1.1.0.202305231506/tools/bin/../lib/gcc/arm-none-eabi/11.3.1/../../../../arm-none-eabi/lib/thumb/v7e-m+dp/hard\libc_nano.a(libc_a-nano-vfprintf_i.o)
                0x000000000800a3e4                _printf_common
 *fill*         0x000000000800a4be        0x2 
 .text._printf_i
                0x000000000800a4c0      0x244 C:/ST/STM32CubeIDE_1.13.1/STM32CubeIDE/plugins/com.st.stm32cube.ide.mcu.externaltools.gnu-tools-for-stm32.11.3.rel1.win32_1.1.0.202305231506/tools/bin/../lib/gcc/arm-none-eabi/11.3.1/../../../../arm-none-eabi/lib/thumb/v7e-m+dp/hard\libc_nano.a(libc_a-nano-vfprintf_i.o)
                0x000000000800a4c0                _printf_i
 .text.memmove  0x000000000800a704       0x34 C:/ST/STM32CubeIDE_1.13.1/STM32CubeIDE/plugins/com.st.stm32cube.ide.mcu.externaltools.gnu-tools-for-stm32.11.3.rel1.win32_1.1.0.202305231506/tools/bin/../lib/gcc/arm-none-eabi/11.3.1/../../../../arm-none-eabi/lib/thumb/v7e-m+dp/hard\libc_nano.a(libc_a-memmove.o)
                0x000000000800a704                memmove
 .text._sbrk_r  0x000000000800a738       0x20 C:/ST/STM32CubeIDE_1.13.1/STM32CubeIDE/plugins/com.st.stm32cube.ide.mcu.externaltools.gnu-tools-for-stm32.11.3.rel1.win32_1.1.0.202305231506/tools/bin/../lib/gcc/arm-none-eabi/11.3.1/../../../../arm-none-eabi/lib/thumb/v7e-m+dp/hard\libc_nano.a(libc_a-sbrkr.o)
                0x000000000800a738                _sbrk_r
 .text._realloc_r
                0x000000000800a758       0x5e C:/ST/STM32CubeIDE_1.13.1/STM32CubeIDE/plugins/com.st.stm32cube.ide.mcu.externaltools.gnu-tools-for-stm32.11.3.rel1.win32_1.1.0.202305231506/tools/bin/../lib/gcc/arm-none-eabi/11.3.1/../../../../arm-none-eabi/lib/thumb/v7e-m+dp/hard\libc_nano.a(libc_a-reallocr.o)
                0x000000000800a758                _realloc_r
 .text._malloc_usable_size_r
                0x000000000800a7b6       0x10 C:/ST/STM32CubeIDE_1.13.1/STM32CubeIDE/plugins/com.st.stm32cube.ide.mcu.externaltools.gnu-tools-for-stm32.11.3.rel1.win32_1.1.0.202305231506/tools/bin/../lib/gcc/arm-none-eabi/11.3.1/../../../../arm-none-eabi/lib/thumb/v7e-m+dp/hard\libc_nano.a(libc_a-msizer.o)
                0x000000000800a7b6                _malloc_usable_size_r
 *(.glue_7)
 .glue_7        0x000000000800a7c6        0x0 linker stubs
 *(.glue_7t)
 .glue_7t       0x000000000800a7c6        0x0 linker stubs
 *(.eh_frame)
 *fill*         0x000000000800a7c6        0x2 
 .eh_frame      0x000000000800a7c8        0x0 C:/ST/STM32CubeIDE_1.13.1/STM32CubeIDE/plugins/com.st.stm32cube.ide.mcu.externaltools.gnu-tools-for-stm32.11.3.rel1.win32_1.1.0.202305231506/tools/bin/../lib/gcc/arm-none-eabi/11.3.1/thumb/v7e-m+dp/hard/crtbegin.o
 *(.init)
 .init          0x000000000800a7c8        0x4 C:/ST/STM32CubeIDE_1.13.1/STM32CubeIDE/plugins/com.st.stm32cube.ide.mcu.externaltools.gnu-tools-for-stm32.11.3.rel1.win32_1.1.0.202305231506/tools/bin/../lib/gcc/arm-none-eabi/11.3.1/thumb/v7e-m+dp/hard/crti.o
                0x000000000800a7c8                _init
 .init          0x000000000800a7cc        0x8 C:/ST/STM32CubeIDE_1.13.1/STM32CubeIDE/plugins/com.st.stm32cube.ide.mcu.externaltools.gnu-tools-for-stm32.11.3.rel1.win32_1.1.0.202305231506/tools/bin/../lib/gcc/arm-none-eabi/11.3.1/thumb/v7e-m+dp/hard/crtn.o
 *(.fini)
 .fini          0x000000000800a7d4        0x4 C:/ST/STM32CubeIDE_1.13.1/STM32CubeIDE/plugins/com.st.stm32cube.ide.mcu.externaltools.gnu-tools-for-stm32.11.3.rel1.win32_1.1.0.202305231506/tools/bin/../lib/gcc/arm-none-eabi/11.3.1/thumb/v7e-m+dp/hard/crti.o
                0x000000000800a7d4                _fini
 .fini          0x000000000800a7d8        0x8 C:/ST/STM32CubeIDE_1.13.1/STM32CubeIDE/plugins/com.st.stm32cube.ide.mcu.externaltools.gnu-tools-for-stm32.11.3.rel1.win32_1.1.0.202305231506/tools/bin/../lib/gcc/arm-none-eabi/11.3.1/thumb/v7e-m+dp/hard/crtn.o
                0x000000000800a7e0                . = ALIGN (0x4)
                0x000000000800a7e0                _etext = .

.vfp11_veneer   0x000000000800a7e0        0x0
 .vfp11_veneer  0x000000000800a7e0        0x0 linker stubs

.v4_bx          0x000000000800a7e0        0x0
 .v4_bx         0x000000000800a7e0        0x0 linker stubs

.iplt           0x000000000800a7e0        0x0
 .iplt          0x000000000800a7e0        0x0 C:/ST/STM32CubeIDE_1.13.1/STM32CubeIDE/plugins/com.st.stm32cube.ide.mcu.externaltools.gnu-tools-for-stm32.11.3.rel1.win32_1.1.0.202305231506/tools/bin/../lib/gcc/arm-none-eabi/11.3.1/thumb/v7e-m+dp/hard/crtbegin.o

.rodata         0x000000000800a7e0       0x64
                0x000000000800a7e0                . = ALIGN (0x4)
 *(.rodata)
 .rodata        0x000000000800a7e0       0x16 ./Core/Src/main.o
 *(.rodata*)
 *fill*         0x000000000800a7f6        0x2 
 .rodata.AHBPrescTable
                0x000000000800a7f8       0x10 ./Core/Src/system_stm32f7xx.o
                0x000000000800a7f8                AHBPrescTable
 .rodata.APBPrescTable
                0x000000000800a808        0x8 ./Core/Src/system_stm32f7xx.o
                0x000000000800a808                APBPrescTable
 .rodata._svfprintf_r.str1.1
                0x000000000800a810       0x11 C:/ST/STM32CubeIDE_1.13.1/STM32CubeIDE/plugins/com.st.stm32cube.ide.mcu.externaltools.gnu-tools-for-stm32.11.3.rel1.win32_1.1.0.202305231506/tools/bin/../lib/gcc/arm-none-eabi/11.3.1/../../../../arm-none-eabi/lib/thumb/v7e-m+dp/hard\libc_nano.a(libc_a-nano-svfprintf.o)
 .rodata._printf_i.str1.1
                0x000000000800a821       0x22 C:/ST/STM32CubeIDE_1.13.1/STM32CubeIDE/plugins/com.st.stm32cube.ide.mcu.externaltools.gnu-tools-for-stm32.11.3.rel1.win32_1.1.0.202305231506/tools/bin/../lib/gcc/arm-none-eabi/11.3.1/../../../../arm-none-eabi/lib/thumb/v7e-m+dp/hard\libc_nano.a(libc_a-nano-vfprintf_i.o)
                0x000000000800a844                . = ALIGN (0x4)
 *fill*         0x000000000800a843        0x1 

.ARM.extab      0x000000000800a844        0x0
                0x000000000800a844                . = ALIGN (0x4)
 *(.ARM.extab* .gnu.linkonce.armextab.*)
                0x000000000800a844                . = ALIGN (0x4)

.ARM            0x000000000800a844        0x8
                0x000000000800a844                . = ALIGN (0x4)
                0x000000000800a844                __exidx_start = .
 *(.ARM.exidx*)
 .ARM.exidx     0x000000000800a844        0x8 C:/ST/STM32CubeIDE_1.13.1/STM32CubeIDE/plugins/com.st.stm32cube.ide.mcu.externaltools.gnu-tools-for-stm32.11.3.rel1.win32_1.1.0.202305231506/tools/bin/../lib/gcc/arm-none-eabi/11.3.1/thumb/v7e-m+dp/hard\libgcc.a(_udivmoddi4.o)
                0x000000000800a84c                __exidx_end = .
                0x000000000800a84c                . = ALIGN (0x4)

.rel.dyn        0x000000000800a84c        0x0
 .rel.iplt      0x000000000800a84c        0x0 C:/ST/STM32CubeIDE_1.13.1/STM32CubeIDE/plugins/com.st.stm32cube.ide.mcu.externaltools.gnu-tools-for-stm32.11.3.rel1.win32_1.1.0.202305231506/tools/bin/../lib/gcc/arm-none-eabi/11.3.1/thumb/v7e-m+dp/hard/crtbegin.o

.preinit_array  0x000000000800a84c        0x0
                0x000000000800a84c                . = ALIGN (0x4)
                0x000000000800a84c                PROVIDE (__preinit_array_start = .)
 *(.preinit_array*)
                0x000000000800a84c                PROVIDE (__preinit_array_end = .)
                0x000000000800a84c                . = ALIGN (0x4)

.init_array     0x000000000800a84c        0x4
                0x000000000800a84c                . = ALIGN (0x4)
                0x000000000800a84c                PROVIDE (__init_array_start = .)
 *(SORT_BY_NAME(.init_array.*))
 *(.init_array*)
 .init_array    0x000000000800a84c        0x4 C:/ST/STM32CubeIDE_1.13.1/STM32CubeIDE/plugins/com.st.stm32cube.ide.mcu.externaltools.gnu-tools-for-stm32.11.3.rel1.win32_1.1.0.202305231506/tools/bin/../lib/gcc/arm-none-eabi/11.3.1/thumb/v7e-m+dp/hard/crtbegin.o
                0x000000000800a850                PROVIDE (__init_array_end = .)
                0x000000000800a850                . = ALIGN (0x4)

.fini_array     0x000000000800a850        0x4
                0x000000000800a850                . = ALIGN (0x4)
                [!provide]                        PROVIDE (__fini_array_start = .)
 *(SORT_BY_NAME(.fini_array.*))
 *(.fini_array*)
 .fini_array    0x000000000800a850        0x4 C:/ST/STM32CubeIDE_1.13.1/STM32CubeIDE/plugins/com.st.stm32cube.ide.mcu.externaltools.gnu-tools-for-stm32.11.3.rel1.win32_1.1.0.202305231506/tools/bin/../lib/gcc/arm-none-eabi/11.3.1/thumb/v7e-m+dp/hard/crtbegin.o
                [!provide]                        PROVIDE (__fini_array_end = .)
                0x000000000800a854                . = ALIGN (0x4)
                0x000000000800a854                _sidata = LOADADDR (.data)

.data           0x0000000020000000      0x334 load address 0x000000000800a854
                0x0000000020000000                . = ALIGN (0x4)
                0x0000000020000000                _sdata = .
 *(.data)
 *(.data*)
 .data.Dev      0x0000000020000000        0x4 ./Core/Src/main.o
                0x0000000020000000                Dev
 .data.start_grados_ccr1
                0x0000000020000004        0x4 ./Core/Src/main.o
                0x0000000020000004                start_grados_ccr1
 .data.max_grados_ccr1
                0x0000000020000008        0x4 ./Core/Src/main.o
                0x0000000020000008                max_grados_ccr1
 .data.move_length_ccr1
                0x000000002000000c        0x4 ./Core/Src/main.o
                0x000000002000000c                move_length_ccr1
 .data.start_grados_ccr3
                0x0000000020000010        0x4 ./Core/Src/main.o
                0x0000000020000010                start_grados_ccr3
 .data.max_grados_ccr3
                0x0000000020000014        0x4 ./Core/Src/main.o
                0x0000000020000014                max_grados_ccr3
 .data.move_length_ccr3
                0x0000000020000018        0x4 ./Core/Src/main.o
                0x0000000020000018                move_length_ccr3
 .data.SystemCoreClock
                0x000000002000001c        0x4 ./Core/Src/system_stm32f7xx.o
                0x000000002000001c                SystemCoreClock
 .data.uwTickPrio
                0x0000000020000020        0x4 ./Drivers/STM32F7xx_HAL_Driver/Src/stm32f7xx_hal.o
                0x0000000020000020                uwTickPrio
 .data.uwTickFreq
                0x0000000020000024        0x1 ./Drivers/STM32F7xx_HAL_Driver/Src/stm32f7xx_hal.o
                0x0000000020000024                uwTickFreq
 *fill*         0x0000000020000025        0x3 
 .data.DefaultTuningSettings
                0x0000000020000028       0xf3 ./Drivers/VL53L0x/core/src/vl53l0x_api.o
                0x0000000020000028                DefaultTuningSettings
 *fill*         0x000000002000011b        0x1 
 .data.InterruptThresholdSettings
                0x000000002000011c      0x1b6 ./Drivers/VL53L0x/core/src/vl53l0x_api.o
                0x000000002000011c                InterruptThresholdSettings
 *fill*         0x00000000200002d2        0x2 
 .data.refArrayQuadrants
                0x00000000200002d4       0x10 ./Drivers/VL53L0x/core/src/vl53l0x_api_calibration.o
                0x00000000200002d4                refArrayQuadrants
 .data._impure_data
                0x00000000200002e4       0x4c C:/ST/STM32CubeIDE_1.13.1/STM32CubeIDE/plugins/com.st.stm32cube.ide.mcu.externaltools.gnu-tools-for-stm32.11.3.rel1.win32_1.1.0.202305231506/tools/bin/../lib/gcc/arm-none-eabi/11.3.1/../../../../arm-none-eabi/lib/thumb/v7e-m+dp/hard\libc_nano.a(libc_a-impure.o)
                0x00000000200002e4                _impure_data
 .data._impure_ptr
                0x0000000020000330        0x4 C:/ST/STM32CubeIDE_1.13.1/STM32CubeIDE/plugins/com.st.stm32cube.ide.mcu.externaltools.gnu-tools-for-stm32.11.3.rel1.win32_1.1.0.202305231506/tools/bin/../lib/gcc/arm-none-eabi/11.3.1/../../../../arm-none-eabi/lib/thumb/v7e-m+dp/hard\libc_nano.a(libc_a-impure.o)
                0x0000000020000330                _impure_ptr
 *(.RamFunc)
 *(.RamFunc*)
                0x0000000020000334                . = ALIGN (0x4)
                0x0000000020000334                _edata = .

.igot.plt       0x0000000020000334        0x0 load address 0x000000000800ab88
 .igot.plt      0x0000000020000334        0x0 C:/ST/STM32CubeIDE_1.13.1/STM32CubeIDE/plugins/com.st.stm32cube.ide.mcu.externaltools.gnu-tools-for-stm32.11.3.rel1.win32_1.1.0.202305231506/tools/bin/../lib/gcc/arm-none-eabi/11.3.1/thumb/v7e-m+dp/hard/crtbegin.o
                0x0000000020000334                . = ALIGN (0x4)

.bss            0x0000000020000334      0x570 load address 0x000000000800ab88
                0x0000000020000334                _sbss = .
                0x0000000020000334                __bss_start__ = _sbss
 *(.bss)
 .bss           0x0000000020000334       0x1c C:/ST/STM32CubeIDE_1.13.1/STM32CubeIDE/plugins/com.st.stm32cube.ide.mcu.externaltools.gnu-tools-for-stm32.11.3.rel1.win32_1.1.0.202305231506/tools/bin/../lib/gcc/arm-none-eabi/11.3.1/thumb/v7e-m+dp/hard/crtbegin.o
 *(.bss*)
 .bss.hi2c2     0x0000000020000350       0x54 ./Core/Src/main.o
                0x0000000020000350                hi2c2
 .bss.htim2     0x00000000200003a4       0x4c ./Core/Src/main.o
                0x00000000200003a4                htim2
 .bss.huart3    0x00000000200003f0       0x88 ./Core/Src/main.o
                0x00000000200003f0                huart3
 .bss.RangingData
                0x0000000020000478       0x1c ./Core/Src/main.o
                0x0000000020000478                RangingData
 .bss.vl53l0x_c
                0x0000000020000494      0x1b4 ./Core/Src/main.o
                0x0000000020000494                vl53l0x_c
 .bss.move_c3   0x0000000020000648        0x4 ./Core/Src/main.o
                0x0000000020000648                move_c3
 .bss.Message   0x000000002000064c        0xc ./Core/Src/main.o
                0x000000002000064c                Message
 .bss.MessageLen
                0x0000000020000658        0x4 ./Core/Src/main.o
                0x0000000020000658                MessageLen
 .bss.__sbrk_heap_end
                0x000000002000065c        0x4 ./Core/Src/sysmem.o
 .bss.uwTick    0x0000000020000660        0x4 ./Drivers/STM32F7xx_HAL_Driver/Src/stm32f7xx_hal.o
                0x0000000020000660                uwTick
 .bss._I2CBuffer
                0x0000000020000664       0x40 ./Drivers/VL53L0x/platform/src/vl53l0x_platform.o
                0x0000000020000664                _I2CBuffer
 .bss.pxCurrentTCB
                0x00000000200006a4        0x4 ./Middlewares/Third_Party/FreeRTOS/Source/tasks.o
                0x00000000200006a4                pxCurrentTCB
 .bss.pxReadyTasksLists
                0x00000000200006a8       0x8c ./Middlewares/Third_Party/FreeRTOS/Source/tasks.o
 .bss.pxDelayedTaskList
                0x0000000020000734        0x4 ./Middlewares/Third_Party/FreeRTOS/Source/tasks.o
 .bss.pxOverflowDelayedTaskList
                0x0000000020000738        0x4 ./Middlewares/Third_Party/FreeRTOS/Source/tasks.o
 .bss.xTickCount
                0x000000002000073c        0x4 ./Middlewares/Third_Party/FreeRTOS/Source/tasks.o
 .bss.uxTopReadyPriority
                0x0000000020000740        0x4 ./Middlewares/Third_Party/FreeRTOS/Source/tasks.o
 .bss.xSchedulerRunning
                0x0000000020000744        0x4 ./Middlewares/Third_Party/FreeRTOS/Source/tasks.o
 .bss.uxPendedTicks
                0x0000000020000748        0x4 ./Middlewares/Third_Party/FreeRTOS/Source/tasks.o
 .bss.xYieldPending
                0x000000002000074c        0x4 ./Middlewares/Third_Party/FreeRTOS/Source/tasks.o
 .bss.xNumOfOverflows
                0x0000000020000750        0x4 ./Middlewares/Third_Party/FreeRTOS/Source/tasks.o
 .bss.xNextTaskUnblockTime
                0x0000000020000754        0x4 ./Middlewares/Third_Party/FreeRTOS/Source/tasks.o
 .bss.uxSchedulerSuspended
                0x0000000020000758        0x4 ./Middlewares/Third_Party/FreeRTOS/Source/tasks.o
 .bss.__sf      0x000000002000075c      0x138 C:/ST/STM32CubeIDE_1.13.1/STM32CubeIDE/plugins/com.st.stm32cube.ide.mcu.externaltools.gnu-tools-for-stm32.11.3.rel1.win32_1.1.0.202305231506/tools/bin/../lib/gcc/arm-none-eabi/11.3.1/../../../../arm-none-eabi/lib/thumb/v7e-m+dp/hard\libc_nano.a(libc_a-findfp.o)
                0x000000002000075c                __sf
 .bss.errno     0x0000000020000894        0x4 C:/ST/STM32CubeIDE_1.13.1/STM32CubeIDE/plugins/com.st.stm32cube.ide.mcu.externaltools.gnu-tools-for-stm32.11.3.rel1.win32_1.1.0.202305231506/tools/bin/../lib/gcc/arm-none-eabi/11.3.1/../../../../arm-none-eabi/lib/thumb/v7e-m+dp/hard\libc_nano.a(libc_a-reent.o)
                0x0000000020000894                errno
 .bss.__lock___malloc_recursive_mutex
                0x0000000020000898        0x1 C:/ST/STM32CubeIDE_1.13.1/STM32CubeIDE/plugins/com.st.stm32cube.ide.mcu.externaltools.gnu-tools-for-stm32.11.3.rel1.win32_1.1.0.202305231506/tools/bin/../lib/gcc/arm-none-eabi/11.3.1/../../../../arm-none-eabi/lib/thumb/v7e-m+dp/hard\libc_nano.a(libc_a-lock.o)
                0x0000000020000898                __lock___malloc_recursive_mutex
 *fill*         0x0000000020000899        0x3 
 .bss.__malloc_free_list
                0x000000002000089c        0x4 C:/ST/STM32CubeIDE_1.13.1/STM32CubeIDE/plugins/com.st.stm32cube.ide.mcu.externaltools.gnu-tools-for-stm32.11.3.rel1.win32_1.1.0.202305231506/tools/bin/../lib/gcc/arm-none-eabi/11.3.1/../../../../arm-none-eabi/lib/thumb/v7e-m+dp/hard\libc_nano.a(libc_a-mallocr.o)
                0x000000002000089c                __malloc_free_list
 .bss.__malloc_sbrk_start
                0x00000000200008a0        0x4 C:/ST/STM32CubeIDE_1.13.1/STM32CubeIDE/plugins/com.st.stm32cube.ide.mcu.externaltools.gnu-tools-for-stm32.11.3.rel1.win32_1.1.0.202305231506/tools/bin/../lib/gcc/arm-none-eabi/11.3.1/../../../../arm-none-eabi/lib/thumb/v7e-m+dp/hard\libc_nano.a(libc_a-mallocr.o)
                0x00000000200008a0                __malloc_sbrk_start
 *(COMMON)
                0x00000000200008a4                . = ALIGN (0x4)
                0x00000000200008a4                _ebss = .
                0x00000000200008a4                __bss_end__ = _ebss

._user_heap_stack
                0x00000000200008a4      0x604 load address 0x000000000800ab88
                0x00000000200008a8                . = ALIGN (0x8)
 *fill*         0x00000000200008a4        0x4 
                [!provide]                        PROVIDE (end = .)
                0x00000000200008a8                PROVIDE (_end = .)
                0x0000000020000aa8                . = (. + _Min_Heap_Size)
 *fill*         0x00000000200008a8      0x200 
                0x0000000020000ea8                . = (. + _Min_Stack_Size)
 *fill*         0x0000000020000aa8      0x400 
                0x0000000020000ea8                . = ALIGN (0x8)

/DISCARD/
 libc.a(*)
 libm.a(*)
 libgcc.a(*)

.ARM.attributes
                0x0000000000000000       0x2e
 *(.ARM.attributes)
 .ARM.attributes
                0x0000000000000000       0x1e C:/ST/STM32CubeIDE_1.13.1/STM32CubeIDE/plugins/com.st.stm32cube.ide.mcu.externaltools.gnu-tools-for-stm32.11.3.rel1.win32_1.1.0.202305231506/tools/bin/../lib/gcc/arm-none-eabi/11.3.1/thumb/v7e-m+dp/hard/crti.o
 .ARM.attributes
                0x000000000000001e       0x32 C:/ST/STM32CubeIDE_1.13.1/STM32CubeIDE/plugins/com.st.stm32cube.ide.mcu.externaltools.gnu-tools-for-stm32.11.3.rel1.win32_1.1.0.202305231506/tools/bin/../lib/gcc/arm-none-eabi/11.3.1/thumb/v7e-m+dp/hard/crtbegin.o
 .ARM.attributes
                0x0000000000000050       0x32 ./Core/Src/main.o
 .ARM.attributes
                0x0000000000000082       0x32 ./Core/Src/stm32f7xx_hal_msp.o
 .ARM.attributes
                0x00000000000000b4       0x32 ./Core/Src/stm32f7xx_it.o
 .ARM.attributes
                0x00000000000000e6       0x32 ./Core/Src/sysmem.o
 .ARM.attributes
                0x0000000000000118       0x32 ./Core/Src/system_stm32f7xx.o
 .ARM.attributes
                0x000000000000014a       0x21 ./Core/Startup/startup_stm32f767zitx.o
 .ARM.attributes
                0x000000000000016b       0x32 ./Drivers/STM32F7xx_HAL_Driver/Src/stm32f7xx_hal.o
 .ARM.attributes
                0x000000000000019d       0x32 ./Drivers/STM32F7xx_HAL_Driver/Src/stm32f7xx_hal_cortex.o
 .ARM.attributes
                0x00000000000001cf       0x32 ./Drivers/STM32F7xx_HAL_Driver/Src/stm32f7xx_hal_gpio.o
 .ARM.attributes
                0x0000000000000201       0x32 ./Drivers/STM32F7xx_HAL_Driver/Src/stm32f7xx_hal_i2c.o
 .ARM.attributes
                0x0000000000000233       0x32 ./Drivers/STM32F7xx_HAL_Driver/Src/stm32f7xx_hal_i2c_ex.o
 .ARM.attributes
                0x0000000000000265       0x32 ./Drivers/STM32F7xx_HAL_Driver/Src/stm32f7xx_hal_rcc.o
 .ARM.attributes
                0x0000000000000297       0x32 ./Drivers/STM32F7xx_HAL_Driver/Src/stm32f7xx_hal_rcc_ex.o
 .ARM.attributes
                0x00000000000002c9       0x32 ./Drivers/STM32F7xx_HAL_Driver/Src/stm32f7xx_hal_tim.o
 .ARM.attributes
                0x00000000000002fb       0x32 ./Drivers/STM32F7xx_HAL_Driver/Src/stm32f7xx_hal_tim_ex.o
 .ARM.attributes
                0x000000000000032d       0x32 ./Drivers/STM32F7xx_HAL_Driver/Src/stm32f7xx_hal_uart.o
 .ARM.attributes
                0x000000000000035f       0x32 ./Drivers/VL53L0x/core/src/vl53l0x_api.o
 .ARM.attributes
                0x0000000000000391       0x32 ./Drivers/VL53L0x/core/src/vl53l0x_api_calibration.o
 .ARM.attributes
                0x00000000000003c3       0x32 ./Drivers/VL53L0x/core/src/vl53l0x_api_core.o
 .ARM.attributes
                0x00000000000003f5       0x32 ./Drivers/VL53L0x/platform/src/vl53l0x_platform.o
 .ARM.attributes
                0x0000000000000427       0x32 ./Middlewares/Third_Party/FreeRTOS/Source/list.o
 .ARM.attributes
                0x0000000000000459       0x32 ./Middlewares/Third_Party/FreeRTOS/Source/tasks.o
 .ARM.attributes
                0x000000000000048b       0x32 ./Middlewares/Third_Party/FreeRTOS/Source/portable/GCC/ARM_CM7/r0p1/port.o
 .ARM.attributes
                0x00000000000004bd       0x32 C:/ST/STM32CubeIDE_1.13.1/STM32CubeIDE/plugins/com.st.stm32cube.ide.mcu.externaltools.gnu-tools-for-stm32.11.3.rel1.win32_1.1.0.202305231506/tools/bin/../lib/gcc/arm-none-eabi/11.3.1/../../../../arm-none-eabi/lib/thumb/v7e-m+dp/hard\libc_nano.a(libc_a-findfp.o)
 .ARM.attributes
                0x00000000000004ef       0x32 C:/ST/STM32CubeIDE_1.13.1/STM32CubeIDE/plugins/com.st.stm32cube.ide.mcu.externaltools.gnu-tools-for-stm32.11.3.rel1.win32_1.1.0.202305231506/tools/bin/../lib/gcc/arm-none-eabi/11.3.1/../../../../arm-none-eabi/lib/thumb/v7e-m+dp/hard\libc_nano.a(libc_a-sprintf.o)
 .ARM.attributes
                0x0000000000000521       0x32 C:/ST/STM32CubeIDE_1.13.1/STM32CubeIDE/plugins/com.st.stm32cube.ide.mcu.externaltools.gnu-tools-for-stm32.11.3.rel1.win32_1.1.0.202305231506/tools/bin/../lib/gcc/arm-none-eabi/11.3.1/../../../../arm-none-eabi/lib/thumb/v7e-m+dp/hard\libc_nano.a(libc_a-memset.o)
 .ARM.attributes
                0x0000000000000553       0x32 C:/ST/STM32CubeIDE_1.13.1/STM32CubeIDE/plugins/com.st.stm32cube.ide.mcu.externaltools.gnu-tools-for-stm32.11.3.rel1.win32_1.1.0.202305231506/tools/bin/../lib/gcc/arm-none-eabi/11.3.1/../../../../arm-none-eabi/lib/thumb/v7e-m+dp/hard\libc_nano.a(libc_a-reent.o)
 .ARM.attributes
                0x0000000000000585       0x32 C:/ST/STM32CubeIDE_1.13.1/STM32CubeIDE/plugins/com.st.stm32cube.ide.mcu.externaltools.gnu-tools-for-stm32.11.3.rel1.win32_1.1.0.202305231506/tools/bin/../lib/gcc/arm-none-eabi/11.3.1/../../../../arm-none-eabi/lib/thumb/v7e-m+dp/hard\libc_nano.a(libc_a-impure.o)
 .ARM.attributes
                0x00000000000005b7       0x32 C:/ST/STM32CubeIDE_1.13.1/STM32CubeIDE/plugins/com.st.stm32cube.ide.mcu.externaltools.gnu-tools-for-stm32.11.3.rel1.win32_1.1.0.202305231506/tools/bin/../lib/gcc/arm-none-eabi/11.3.1/../../../../arm-none-eabi/lib/thumb/v7e-m+dp/hard\libc_nano.a(libc_a-errno.o)
 .ARM.attributes
                0x00000000000005e9       0x32 C:/ST/STM32CubeIDE_1.13.1/STM32CubeIDE/plugins/com.st.stm32cube.ide.mcu.externaltools.gnu-tools-for-stm32.11.3.rel1.win32_1.1.0.202305231506/tools/bin/../lib/gcc/arm-none-eabi/11.3.1/../../../../arm-none-eabi/lib/thumb/v7e-m+dp/hard\libc_nano.a(libc_a-init.o)
 .ARM.attributes
                0x000000000000061b       0x32 C:/ST/STM32CubeIDE_1.13.1/STM32CubeIDE/plugins/com.st.stm32cube.ide.mcu.externaltools.gnu-tools-for-stm32.11.3.rel1.win32_1.1.0.202305231506/tools/bin/../lib/gcc/arm-none-eabi/11.3.1/../../../../arm-none-eabi/lib/thumb/v7e-m+dp/hard\libc_nano.a(libc_a-lock.o)
 .ARM.attributes
                0x000000000000064d       0x32 C:/ST/STM32CubeIDE_1.13.1/STM32CubeIDE/plugins/com.st.stm32cube.ide.mcu.externaltools.gnu-tools-for-stm32.11.3.rel1.win32_1.1.0.202305231506/tools/bin/../lib/gcc/arm-none-eabi/11.3.1/../../../../arm-none-eabi/lib/thumb/v7e-m+dp/hard\libc_nano.a(libc_a-strcpy.o)
 .ARM.attributes
                0x000000000000067f       0x32 C:/ST/STM32CubeIDE_1.13.1/STM32CubeIDE/plugins/com.st.stm32cube.ide.mcu.externaltools.gnu-tools-for-stm32.11.3.rel1.win32_1.1.0.202305231506/tools/bin/../lib/gcc/arm-none-eabi/11.3.1/../../../../arm-none-eabi/lib/thumb/v7e-m+dp/hard\libc_nano.a(libc_a-memcpy-stub.o)
 .ARM.attributes
                0x00000000000006b1       0x32 C:/ST/STM32CubeIDE_1.13.1/STM32CubeIDE/plugins/com.st.stm32cube.ide.mcu.externaltools.gnu-tools-for-stm32.11.3.rel1.win32_1.1.0.202305231506/tools/bin/../lib/gcc/arm-none-eabi/11.3.1/../../../../arm-none-eabi/lib/thumb/v7e-m+dp/hard\libc_nano.a(libc_a-freer.o)
 .ARM.attributes
                0x00000000000006e3       0x32 C:/ST/STM32CubeIDE_1.13.1/STM32CubeIDE/plugins/com.st.stm32cube.ide.mcu.externaltools.gnu-tools-for-stm32.11.3.rel1.win32_1.1.0.202305231506/tools/bin/../lib/gcc/arm-none-eabi/11.3.1/../../../../arm-none-eabi/lib/thumb/v7e-m+dp/hard\libc_nano.a(libc_a-mallocr.o)
 .ARM.attributes
                0x0000000000000715       0x32 C:/ST/STM32CubeIDE_1.13.1/STM32CubeIDE/plugins/com.st.stm32cube.ide.mcu.externaltools.gnu-tools-for-stm32.11.3.rel1.win32_1.1.0.202305231506/tools/bin/../lib/gcc/arm-none-eabi/11.3.1/../../../../arm-none-eabi/lib/thumb/v7e-m+dp/hard\libc_nano.a(libc_a-mlock.o)
 .ARM.attributes
                0x0000000000000747       0x32 C:/ST/STM32CubeIDE_1.13.1/STM32CubeIDE/plugins/com.st.stm32cube.ide.mcu.externaltools.gnu-tools-for-stm32.11.3.rel1.win32_1.1.0.202305231506/tools/bin/../lib/gcc/arm-none-eabi/11.3.1/../../../../arm-none-eabi/lib/thumb/v7e-m+dp/hard\libc_nano.a(libc_a-nano-svfprintf.o)
 .ARM.attributes
                0x0000000000000779       0x32 C:/ST/STM32CubeIDE_1.13.1/STM32CubeIDE/plugins/com.st.stm32cube.ide.mcu.externaltools.gnu-tools-for-stm32.11.3.rel1.win32_1.1.0.202305231506/tools/bin/../lib/gcc/arm-none-eabi/11.3.1/../../../../arm-none-eabi/lib/thumb/v7e-m+dp/hard\libc_nano.a(libc_a-nano-vfprintf_i.o)
 .ARM.attributes
                0x00000000000007ab       0x32 C:/ST/STM32CubeIDE_1.13.1/STM32CubeIDE/plugins/com.st.stm32cube.ide.mcu.externaltools.gnu-tools-for-stm32.11.3.rel1.win32_1.1.0.202305231506/tools/bin/../lib/gcc/arm-none-eabi/11.3.1/../../../../arm-none-eabi/lib/thumb/v7e-m+dp/hard\libc_nano.a(libc_a-memmove.o)
 .ARM.attributes
                0x00000000000007dd       0x32 C:/ST/STM32CubeIDE_1.13.1/STM32CubeIDE/plugins/com.st.stm32cube.ide.mcu.externaltools.gnu-tools-for-stm32.11.3.rel1.win32_1.1.0.202305231506/tools/bin/../lib/gcc/arm-none-eabi/11.3.1/../../../../arm-none-eabi/lib/thumb/v7e-m+dp/hard\libc_nano.a(libc_a-sbrkr.o)
 .ARM.attributes
                0x000000000000080f       0x1c C:/ST/STM32CubeIDE_1.13.1/STM32CubeIDE/plugins/com.st.stm32cube.ide.mcu.externaltools.gnu-tools-for-stm32.11.3.rel1.win32_1.1.0.202305231506/tools/bin/../lib/gcc/arm-none-eabi/11.3.1/../../../../arm-none-eabi/lib/thumb/v7e-m+dp/hard\libc_nano.a(libc_a-memchr.o)
 .ARM.attributes
                0x000000000000082b       0x32 C:/ST/STM32CubeIDE_1.13.1/STM32CubeIDE/plugins/com.st.stm32cube.ide.mcu.externaltools.gnu-tools-for-stm32.11.3.rel1.win32_1.1.0.202305231506/tools/bin/../lib/gcc/arm-none-eabi/11.3.1/../../../../arm-none-eabi/lib/thumb/v7e-m+dp/hard\libc_nano.a(libc_a-reallocr.o)
 .ARM.attributes
                0x000000000000085d       0x32 C:/ST/STM32CubeIDE_1.13.1/STM32CubeIDE/plugins/com.st.stm32cube.ide.mcu.externaltools.gnu-tools-for-stm32.11.3.rel1.win32_1.1.0.202305231506/tools/bin/../lib/gcc/arm-none-eabi/11.3.1/../../../../arm-none-eabi/lib/thumb/v7e-m+dp/hard\libc_nano.a(libc_a-msizer.o)
 .ARM.attributes
                0x000000000000088f       0x1e C:/ST/STM32CubeIDE_1.13.1/STM32CubeIDE/plugins/com.st.stm32cube.ide.mcu.externaltools.gnu-tools-for-stm32.11.3.rel1.win32_1.1.0.202305231506/tools/bin/../lib/gcc/arm-none-eabi/11.3.1/thumb/v7e-m+dp/hard\libgcc.a(_aeabi_uldivmod.o)
 .ARM.attributes
                0x00000000000008ad       0x32 C:/ST/STM32CubeIDE_1.13.1/STM32CubeIDE/plugins/com.st.stm32cube.ide.mcu.externaltools.gnu-tools-for-stm32.11.3.rel1.win32_1.1.0.202305231506/tools/bin/../lib/gcc/arm-none-eabi/11.3.1/thumb/v7e-m+dp/hard\libgcc.a(_udivmoddi4.o)
 .ARM.attributes
                0x00000000000008df       0x1e C:/ST/STM32CubeIDE_1.13.1/STM32CubeIDE/plugins/com.st.stm32cube.ide.mcu.externaltools.gnu-tools-for-stm32.11.3.rel1.win32_1.1.0.202305231506/tools/bin/../lib/gcc/arm-none-eabi/11.3.1/thumb/v7e-m+dp/hard\libgcc.a(_dvmd_tls.o)
 .ARM.attributes
                0x00000000000008fd       0x1e C:/ST/STM32CubeIDE_1.13.1/STM32CubeIDE/plugins/com.st.stm32cube.ide.mcu.externaltools.gnu-tools-for-stm32.11.3.rel1.win32_1.1.0.202305231506/tools/bin/../lib/gcc/arm-none-eabi/11.3.1/thumb/v7e-m+dp/hard/crtn.o
OUTPUT(Lidarv1.elf elf32-littlearm)
LOAD linker stubs
LOAD C:/ST/STM32CubeIDE_1.13.1/STM32CubeIDE/plugins/com.st.stm32cube.ide.mcu.externaltools.gnu-tools-for-stm32.11.3.rel1.win32_1.1.0.202305231506/tools/bin/../lib/gcc/arm-none-eabi/11.3.1/../../../../arm-none-eabi/lib/thumb/v7e-m+dp/hard\libc.a
LOAD C:/ST/STM32CubeIDE_1.13.1/STM32CubeIDE/plugins/com.st.stm32cube.ide.mcu.externaltools.gnu-tools-for-stm32.11.3.rel1.win32_1.1.0.202305231506/tools/bin/../lib/gcc/arm-none-eabi/11.3.1/../../../../arm-none-eabi/lib/thumb/v7e-m+dp/hard\libm.a
LOAD C:/ST/STM32CubeIDE_1.13.1/STM32CubeIDE/plugins/com.st.stm32cube.ide.mcu.externaltools.gnu-tools-for-stm32.11.3.rel1.win32_1.1.0.202305231506/tools/bin/../lib/gcc/arm-none-eabi/11.3.1/thumb/v7e-m+dp/hard\libgcc.a

.comment        0x0000000000000000       0x43
 .comment       0x0000000000000000       0x43 C:/ST/STM32CubeIDE_1.13.1/STM32CubeIDE/plugins/com.st.stm32cube.ide.mcu.externaltools.gnu-tools-for-stm32.11.3.rel1.win32_1.1.0.202305231506/tools/bin/../lib/gcc/arm-none-eabi/11.3.1/thumb/v7e-m+dp/hard/crtbegin.o
                                         0x44 (size before relaxing)
 .comment       0x0000000000000043       0x44 ./Core/Src/main.o
 .comment       0x0000000000000043       0x44 ./Core/Src/stm32f7xx_hal_msp.o
 .comment       0x0000000000000043       0x44 ./Core/Src/stm32f7xx_it.o
 .comment       0x0000000000000043       0x44 ./Core/Src/sysmem.o
 .comment       0x0000000000000043       0x44 ./Core/Src/system_stm32f7xx.o
 .comment       0x0000000000000043       0x44 ./Drivers/STM32F7xx_HAL_Driver/Src/stm32f7xx_hal.o
 .comment       0x0000000000000043       0x44 ./Drivers/STM32F7xx_HAL_Driver/Src/stm32f7xx_hal_cortex.o
 .comment       0x0000000000000043       0x44 ./Drivers/STM32F7xx_HAL_Driver/Src/stm32f7xx_hal_gpio.o
 .comment       0x0000000000000043       0x44 ./Drivers/STM32F7xx_HAL_Driver/Src/stm32f7xx_hal_i2c.o
 .comment       0x0000000000000043       0x44 ./Drivers/STM32F7xx_HAL_Driver/Src/stm32f7xx_hal_i2c_ex.o
 .comment       0x0000000000000043       0x44 ./Drivers/STM32F7xx_HAL_Driver/Src/stm32f7xx_hal_rcc.o
 .comment       0x0000000000000043       0x44 ./Drivers/STM32F7xx_HAL_Driver/Src/stm32f7xx_hal_rcc_ex.o
 .comment       0x0000000000000043       0x44 ./Drivers/STM32F7xx_HAL_Driver/Src/stm32f7xx_hal_tim.o
 .comment       0x0000000000000043       0x44 ./Drivers/STM32F7xx_HAL_Driver/Src/stm32f7xx_hal_tim_ex.o
 .comment       0x0000000000000043       0x44 ./Drivers/STM32F7xx_HAL_Driver/Src/stm32f7xx_hal_uart.o
 .comment       0x0000000000000043       0x44 ./Drivers/VL53L0x/core/src/vl53l0x_api.o
 .comment       0x0000000000000043       0x44 ./Drivers/VL53L0x/core/src/vl53l0x_api_calibration.o
 .comment       0x0000000000000043       0x44 ./Drivers/VL53L0x/core/src/vl53l0x_api_core.o
 .comment       0x0000000000000043       0x44 ./Drivers/VL53L0x/platform/src/vl53l0x_platform.o
 .comment       0x0000000000000043       0x44 ./Middlewares/Third_Party/FreeRTOS/Source/list.o
 .comment       0x0000000000000043       0x44 ./Middlewares/Third_Party/FreeRTOS/Source/tasks.o
 .comment       0x0000000000000043       0x44 ./Middlewares/Third_Party/FreeRTOS/Source/portable/GCC/ARM_CM7/r0p1/port.o

.debug_info     0x0000000000000000    0x1c0e2
 .debug_info    0x0000000000000000     0x1f42 ./Core/Src/main.o
 .debug_info    0x0000000000001f42     0x178e ./Core/Src/stm32f7xx_hal_msp.o
 .debug_info    0x00000000000036d0      0x11a ./Core/Src/stm32f7xx_it.o
 .debug_info    0x00000000000037ea      0x168 ./Core/Src/sysmem.o
 .debug_info    0x0000000000003952      0x6ed ./Core/Src/system_stm32f7xx.o
 .debug_info    0x000000000000403f       0x23 ./Core/Startup/startup_stm32f767zitx.o
 .debug_info    0x0000000000004062      0xa4c ./Drivers/STM32F7xx_HAL_Driver/Src/stm32f7xx_hal.o
 .debug_info    0x0000000000004aae      0xf8b ./Drivers/STM32F7xx_HAL_Driver/Src/stm32f7xx_hal_cortex.o
 .debug_info    0x0000000000005a39      0x6f3 ./Drivers/STM32F7xx_HAL_Driver/Src/stm32f7xx_hal_gpio.o
 .debug_info    0x000000000000612c     0x20b3 ./Drivers/STM32F7xx_HAL_Driver/Src/stm32f7xx_hal_i2c.o
 .debug_info    0x00000000000081df      0x93a ./Drivers/STM32F7xx_HAL_Driver/Src/stm32f7xx_hal_i2c_ex.o
 .debug_info    0x0000000000008b19      0x937 ./Drivers/STM32F7xx_HAL_Driver/Src/stm32f7xx_hal_rcc.o
 .debug_info    0x0000000000009450      0x6e1 ./Drivers/STM32F7xx_HAL_Driver/Src/stm32f7xx_hal_rcc_ex.o
 .debug_info    0x0000000000009b31     0x2ab2 ./Drivers/STM32F7xx_HAL_Driver/Src/stm32f7xx_hal_tim.o
 .debug_info    0x000000000000c5e3     0x16bb ./Drivers/STM32F7xx_HAL_Driver/Src/stm32f7xx_hal_tim_ex.o
 .debug_info    0x000000000000dc9e     0x3a6d ./Drivers/STM32F7xx_HAL_Driver/Src/stm32f7xx_hal_uart.o
 .debug_info    0x000000000001170b     0x34f7 ./Drivers/VL53L0x/core/src/vl53l0x_api.o
 .debug_info    0x0000000000014c02     0x1d7b ./Drivers/VL53L0x/core/src/vl53l0x_api_calibration.o
 .debug_info    0x000000000001697d     0x21c5 ./Drivers/VL53L0x/core/src/vl53l0x_api_core.o
 .debug_info    0x0000000000018b42     0x124c ./Drivers/VL53L0x/platform/src/vl53l0x_platform.o
 .debug_info    0x0000000000019d8e      0x2af ./Middlewares/Third_Party/FreeRTOS/Source/list.o
 .debug_info    0x000000000001a03d     0x1bfe ./Middlewares/Third_Party/FreeRTOS/Source/tasks.o
 .debug_info    0x000000000001bc3b      0x4a7 ./Middlewares/Third_Party/FreeRTOS/Source/portable/GCC/ARM_CM7/r0p1/port.o

.debug_abbrev   0x0000000000000000     0x30d8
 .debug_abbrev  0x0000000000000000      0x315 ./Core/Src/main.o
 .debug_abbrev  0x0000000000000315      0x26d ./Core/Src/stm32f7xx_hal_msp.o
 .debug_abbrev  0x0000000000000582       0x97 ./Core/Src/stm32f7xx_it.o
 .debug_abbrev  0x0000000000000619       0xbc ./Core/Src/sysmem.o
 .debug_abbrev  0x00000000000006d5      0x13b ./Core/Src/system_stm32f7xx.o
 .debug_abbrev  0x0000000000000810       0x12 ./Core/Startup/startup_stm32f767zitx.o
 .debug_abbrev  0x0000000000000822      0x213 ./Drivers/STM32F7xx_HAL_Driver/Src/stm32f7xx_hal.o
 .debug_abbrev  0x0000000000000a35      0x329 ./Drivers/STM32F7xx_HAL_Driver/Src/stm32f7xx_hal_cortex.o
 .debug_abbrev  0x0000000000000d5e      0x1d4 ./Drivers/STM32F7xx_HAL_Driver/Src/stm32f7xx_hal_gpio.o
 .debug_abbrev  0x0000000000000f32      0x259 ./Drivers/STM32F7xx_HAL_Driver/Src/stm32f7xx_hal_i2c.o
 .debug_abbrev  0x000000000000118b      0x19c ./Drivers/STM32F7xx_HAL_Driver/Src/stm32f7xx_hal_i2c_ex.o
 .debug_abbrev  0x0000000000001327      0x2de ./Drivers/STM32F7xx_HAL_Driver/Src/stm32f7xx_hal_rcc.o
 .debug_abbrev  0x0000000000001605      0x1c9 ./Drivers/STM32F7xx_HAL_Driver/Src/stm32f7xx_hal_rcc_ex.o
 .debug_abbrev  0x00000000000017ce      0x278 ./Drivers/STM32F7xx_HAL_Driver/Src/stm32f7xx_hal_tim.o
 .debug_abbrev  0x0000000000001a46      0x283 ./Drivers/STM32F7xx_HAL_Driver/Src/stm32f7xx_hal_tim_ex.o
 .debug_abbrev  0x0000000000001cc9      0x2e6 ./Drivers/STM32F7xx_HAL_Driver/Src/stm32f7xx_hal_uart.o
 .debug_abbrev  0x0000000000001faf      0x2ba ./Drivers/VL53L0x/core/src/vl53l0x_api.o
 .debug_abbrev  0x0000000000002269      0x2ab ./Drivers/VL53L0x/core/src/vl53l0x_api_calibration.o
 .debug_abbrev  0x0000000000002514      0x2c2 ./Drivers/VL53L0x/core/src/vl53l0x_api_core.o
 .debug_abbrev  0x00000000000027d6      0x245 ./Drivers/VL53L0x/platform/src/vl53l0x_platform.o
 .debug_abbrev  0x0000000000002a1b       0xf5 ./Middlewares/Third_Party/FreeRTOS/Source/list.o
 .debug_abbrev  0x0000000000002b10      0x359 ./Middlewares/Third_Party/FreeRTOS/Source/tasks.o
 .debug_abbrev  0x0000000000002e69      0x26f ./Middlewares/Third_Party/FreeRTOS/Source/portable/GCC/ARM_CM7/r0p1/port.o

.debug_aranges  0x0000000000000000     0x16f0
 .debug_aranges
                0x0000000000000000       0x60 ./Core/Src/main.o
 .debug_aranges
                0x0000000000000060       0x58 ./Core/Src/stm32f7xx_hal_msp.o
 .debug_aranges
                0x00000000000000b8       0x50 ./Core/Src/stm32f7xx_it.o
 .debug_aranges
                0x0000000000000108       0x20 ./Core/Src/sysmem.o
 .debug_aranges
                0x0000000000000128       0x28 ./Core/Src/system_stm32f7xx.o
 .debug_aranges
                0x0000000000000150       0x28 ./Core/Startup/startup_stm32f767zitx.o
 .debug_aranges
                0x0000000000000178      0x110 ./Drivers/STM32F7xx_HAL_Driver/Src/stm32f7xx_hal.o
 .debug_aranges
                0x0000000000000288      0x118 ./Drivers/STM32F7xx_HAL_Driver/Src/stm32f7xx_hal_cortex.o
 .debug_aranges
                0x00000000000003a0       0x58 ./Drivers/STM32F7xx_HAL_Driver/Src/stm32f7xx_hal_gpio.o
 .debug_aranges
                0x00000000000003f8      0x2a0 ./Drivers/STM32F7xx_HAL_Driver/Src/stm32f7xx_hal_i2c.o
 .debug_aranges
                0x0000000000000698       0x38 ./Drivers/STM32F7xx_HAL_Driver/Src/stm32f7xx_hal_i2c_ex.o
 .debug_aranges
                0x00000000000006d0       0x88 ./Drivers/STM32F7xx_HAL_Driver/Src/stm32f7xx_hal_rcc.o
 .debug_aranges
                0x0000000000000758       0x50 ./Drivers/STM32F7xx_HAL_Driver/Src/stm32f7xx_hal_rcc_ex.o
 .debug_aranges
                0x00000000000007a8      0x3e0 ./Drivers/STM32F7xx_HAL_Driver/Src/stm32f7xx_hal_tim.o
 .debug_aranges
                0x0000000000000b88      0x180 ./Drivers/STM32F7xx_HAL_Driver/Src/stm32f7xx_hal_tim_ex.o
 .debug_aranges
                0x0000000000000d08      0x230 ./Drivers/STM32F7xx_HAL_Driver/Src/stm32f7xx_hal_uart.o
 .debug_aranges
                0x0000000000000f38      0x320 ./Drivers/VL53L0x/core/src/vl53l0x_api.o
 .debug_aranges
                0x0000000000001258       0xd0 ./Drivers/VL53L0x/core/src/vl53l0x_api_calibration.o
 .debug_aranges
                0x0000000000001328       0xe8 ./Drivers/VL53L0x/core/src/vl53l0x_api_core.o
 .debug_aranges
                0x0000000000001410       0x78 ./Drivers/VL53L0x/platform/src/vl53l0x_platform.o
 .debug_aranges
                0x0000000000001488       0x40 ./Middlewares/Third_Party/FreeRTOS/Source/list.o
 .debug_aranges
                0x00000000000014c8      0x1a8 ./Middlewares/Third_Party/FreeRTOS/Source/tasks.o
 .debug_aranges
                0x0000000000001670       0x80 ./Middlewares/Third_Party/FreeRTOS/Source/portable/GCC/ARM_CM7/r0p1/port.o

.debug_rnglists
                0x0000000000000000     0x1200
 .debug_rnglists